

C:\program files\dotnet\sdk\11.0.100-preview.2.26159.112\Sdks\Microsoft.NET.Sdk\targets\Microsoft.NET.RuntimeIdentifierInference.targets(383,5): message NETSDK1057: You are using a preview version of .NET. See: https://aka.ms/dotnet-support-policy [C:\Users\koosh\Dino\src\Bridge\Protocol\DINOForge.Bridge.Protocol.csproj]
C:\Users\koosh\.nuget\packages\system.text.encodings.web\10.0.8\buildTransitive\netcoreapp2.0\System.Text.Encodings.Web.targets(4,5): warning : System.Text.Encodings.Web 10.0.8 doesn't support net6.0 and has not been tested with it. Consider upgrading your TargetFramework to net8.0 or later. You may also set <SuppressTfmSupportBuildWarnings>true</SuppressTfmSupportBuildWarnings> in the project file to ignore this warning and attempt to run in this unsupported configuration at your own risk. [C:\Users\koosh\Dino\src\Tools\Installer\InstallerLib\DINOForge.Tools.Installer.csproj]
C:\Users\koosh\.nuget\packages\system.io.pipelines\10.0.8\buildTransitive\netcoreapp2.0\System.IO.Pipelines.targets(4,5): warning : System.IO.Pipelines 10.0.8 doesn't support net6.0 and has not been tested with it. Consider upgrading your TargetFramework to net8.0 or later. You may also set <SuppressTfmSupportBuildWarnings>true</SuppressTfmSupportBuildWarnings> in the project file to ignore this warning and attempt to run in this unsupported configuration at your own risk. [C:\Users\koosh\Dino\src\Tools\Installer\InstallerLib\DINOForge.Tools.Installer.csproj]
C:\Users\koosh\.nuget\packages\system.text.json\10.0.8\buildTransitive\netcoreapp2.0\System.Text.Json.targets(4,5): warning : System.Text.Json 10.0.8 doesn't support net6.0 and has not been tested with it. Consider upgrading your TargetFramework to net8.0 or later. You may also set <SuppressTfmSupportBuildWarnings>true</SuppressTfmSupportBuildWarnings> in the project file to ignore this warning and attempt to run in this unsupported configuration at your own risk. [C:\Users\koosh\Dino\src\Tools\Installer\InstallerLib\DINOForge.Tools.Installer.csproj]
C:\program files\dotnet\sdk\11.0.100-preview.2.26159.112\Sdks\Microsoft.NET.Sdk\targets\Microsoft.NET.RuntimeIdentifierInference.targets(383,5): message NETSDK1057: You are using a preview version of .NET. See: https://aka.ms/dotnet-support-policy [C:\Users\koosh\Dino\src\Tools\Installer\InstallerLib\DINOForge.Tools.Installer.csproj]
C:\program files\dotnet\sdk\11.0.100-preview.2.26159.112\Sdks\Microsoft.NET.Sdk\targets\Microsoft.NET.RuntimeIdentifierInference.targets(383,5): message NETSDK1057: You are using a preview version of .NET. See: https://aka.ms/dotnet-support-policy [C:\Users\koosh\Dino\src\Domains\UI\DINOForge.Domains.UI.csproj]
C:\program files\dotnet\sdk\11.0.100-preview.2.26159.112\Sdks\Microsoft.NET.Sdk\targets\Microsoft.NET.RuntimeIdentifierInference.targets(383,5): message NETSDK1057: You are using a preview version of .NET. See: https://aka.ms/dotnet-support-policy [C:\Users\koosh\Dino\src\Bridge\Client\DINOForge.Bridge.Client.csproj]
C:\program files\dotnet\sdk\11.0.100-preview.2.26159.112\Sdks\Microsoft.NET.Sdk\targets\Microsoft.NET.RuntimeIdentifierInference.targets(383,5): message NETSDK1057: You are using a preview version of .NET. See: https://aka.ms/dotnet-support-policy [C:\Users\koosh\Dino\src\Domains\Economy\DINOForge.Domains.Economy.csproj]
C:\program files\dotnet\sdk\11.0.100-preview.2.26159.112\Sdks\Microsoft.NET.Sdk\targets\Microsoft.NET.RuntimeIdentifierInference.targets(383,5): message NETSDK1057: You are using a preview version of .NET. See: https://aka.ms/dotnet-support-policy [C:\Users\koosh\Dino\src\Tests\DINOForge.Tests.csproj]
C:\program files\dotnet\sdk\11.0.100-preview.2.26159.112\Sdks\Microsoft.NET.Sdk\targets\Microsoft.NET.RuntimeIdentifierInference.targets(383,5): message NETSDK1057: You are using a preview version of .NET. See: https://aka.ms/dotnet-support-policy [C:\Users\koosh\Dino\src\Tests\Integration\DINOForge.Tests.Integration.csproj]
C:\program files\dotnet\sdk\11.0.100-preview.2.26159.112\Sdks\Microsoft.NET.Sdk\targets\Microsoft.NET.RuntimeIdentifierInference.targets(383,5): message NETSDK1057: You are using a preview version of .NET. See: https://aka.ms/dotnet-support-policy [C:\Users\koosh\Dino\src\Tools\McpServer\DINOForge.Tools.McpServer.csproj]
C:\program files\dotnet\sdk\11.0.100-preview.2.26159.112\Sdks\Microsoft.NET.Sdk\targets\Microsoft.NET.RuntimeIdentifierInference.targets(383,5): message NETSDK1057: You are using a preview version of .NET. See: https://aka.ms/dotnet-support-policy [C:\Users\koosh\Dino\src\SDK\DINOForge.SDK.csproj]
C:\program files\dotnet\sdk\11.0.100-preview.2.26159.112\Sdks\Microsoft.NET.Sdk\targets\Microsoft.NET.RuntimeIdentifierInference.targets(383,5): message NETSDK1057: You are using a preview version of .NET. See: https://aka.ms/dotnet-support-policy [C:\Users\koosh\Dino\src\Tools\Installer\GUI\DINOForge.Installer.csproj]
C:\program files\dotnet\sdk\11.0.100-preview.2.26159.112\Sdks\Microsoft.NET.Sdk\targets\Microsoft.NET.RuntimeIdentifierInference.targets(383,5): message NETSDK1057: You are using a preview version of .NET. See: https://aka.ms/dotnet-support-policy [C:\Users\koosh\Dino\src\Domains\Scenario\DINOForge.Domains.Scenario.csproj]
C:\program files\dotnet\sdk\11.0.100-preview.2.26159.112\Sdks\Microsoft.NET.Sdk\targets\Microsoft.NET.RuntimeIdentifierInference.targets(383,5): message NETSDK1057: You are using a preview version of .NET. See: https://aka.ms/dotnet-support-policy [C:\Users\koosh\Dino\src\Tools\DumpTools\DINOForge.Tools.DumpTools.csproj]
C:\program files\dotnet\sdk\11.0.100-preview.2.26159.112\Sdks\Microsoft.NET.Sdk\targets\Microsoft.NET.RuntimeIdentifierInference.targets(383,5): message NETSDK1057: You are using a preview version of .NET. See: https://aka.ms/dotnet-support-policy [C:\Users\koosh\Dino\src\Domains\Warfare\DINOForge.Domains.Warfare.csproj]
  DINOForge.Bridge.Protocol -> C:\Users\koosh\Dino\src\Bridge\Protocol\bin\Release\netstandard2.0\DINOForge.Bridge.Protocol.dll
C:\program files\dotnet\sdk\11.0.100-preview.2.26159.112\Sdks\Microsoft.NET.Sdk\targets\Microsoft.NET.RuntimeIdentifierInference.targets(383,5): message NETSDK1057: You are using a preview version of .NET. See: https://aka.ms/dotnet-support-policy [C:\Users\koosh\Dino\src\Templates\DINOForge.Templates.csproj]
C:\program files\dotnet\sdk\11.0.100-preview.2.26159.112\Sdks\Microsoft.NET.Sdk\targets\Microsoft.NET.RuntimeIdentifierInference.targets(383,5): message NETSDK1057: You are using a preview version of .NET. See: https://aka.ms/dotnet-support-policy [C:\Users\koosh\Dino\src\Tools\Cli\DINOForge.Tools.Cli.csproj]
  DINOForge.SDK -> C:\Users\koosh\Dino\src\SDK\bin\Release\netstandard2.0\DINOForge.SDK.dll
C:\program files\dotnet\sdk\11.0.100-preview.2.26159.112\Sdks\Microsoft.NET.Sdk\targets\Microsoft.NET.RuntimeIdentifierInference.targets(383,5): message NETSDK1057: You are using a preview version of .NET. See: https://aka.ms/dotnet-support-policy [C:\Users\koosh\Dino\src\Runtime\DINOForge.Runtime.csproj]
  DINOForge.Domains.UI -> C:\Users\koosh\Dino\src\Domains\UI\bin\Release\netstandard2.0\DINOForge.Domains.UI.dll
  DINOForge.Domains.Economy -> C:\Users\koosh\Dino\src\Domains\Economy\bin\Release\netstandard2.0\DINOForge.Domains.Economy.dll
  DINOForge.Tools.Installer -> C:\Users\koosh\Dino\src\Tools\Installer\InstallerLib\bin\Release\net6.0\DINOForge.Tools.Installer.dll
  DINOForge.Bridge.Client -> C:\Users\koosh\Dino\src\Bridge\Client\bin\Release\netstandard2.0\DINOForge.Bridge.Client.dll
C:\Users\koosh\.nuget\packages\system.text.encodings.web\10.0.8\buildTransitive\netcoreapp2.0\System.Text.Encodings.Web.targets(4,5): warning : System.Text.Encodings.Web 10.0.8 doesn't support net6.0 and has not been tested with it. Consider upgrading your TargetFramework to net8.0 or later. You may also set <SuppressTfmSupportBuildWarnings>true</SuppressTfmSupportBuildWarnings> in the project file to ignore this warning and attempt to run in this unsupported configuration at your own risk. [C:\Users\koosh\Dino\src\Tools\Installer\InstallerLib\DINOForge.Tools.Installer.csproj]
C:\Users\koosh\.nuget\packages\system.io.pipelines\10.0.8\buildTransitive\netcoreapp2.0\System.IO.Pipelines.targets(4,5): warning : System.IO.Pipelines 10.0.8 doesn't support net6.0 and has not been tested with it. Consider upgrading your TargetFramework to net8.0 or later. You may also set <SuppressTfmSupportBuildWarnings>true</SuppressTfmSupportBuildWarnings> in the project file to ignore this warning and attempt to run in this unsupported configuration at your own risk. [C:\Users\koosh\Dino\src\Tools\Installer\InstallerLib\DINOForge.Tools.Installer.csproj]
C:\Users\koosh\.nuget\packages\system.text.json\10.0.8\buildTransitive\netcoreapp2.0\System.Text.Json.targets(4,5): warning : System.Text.Json 10.0.8 doesn't support net6.0 and has not been tested with it. Consider upgrading your TargetFramework to net8.0 or later. You may also set <SuppressTfmSupportBuildWarnings>true</SuppressTfmSupportBuildWarnings> in the project file to ignore this warning and attempt to run in this unsupported configuration at your own risk. [C:\Users\koosh\Dino\src\Tools\Installer\InstallerLib\DINOForge.Tools.Installer.csproj]
C:\Users\koosh\.nuget\packages\system.text.encodings.web\10.0.8\buildTransitive\netcoreapp2.0\System.Text.Encodings.Web.targets(4,5): warning : System.Text.Encodings.Web 10.0.8 doesn't support net6.0 and has not been tested with it. Consider upgrading your TargetFramework to net8.0 or later. You may also set <SuppressTfmSupportBuildWarnings>true</SuppressTfmSupportBuildWarnings> in the project file to ignore this warning and attempt to run in this unsupported configuration at your own risk. [C:\Users\koosh\Dino\src\Tools\Installer\InstallerLib\DINOForge.Tools.Installer.csproj]
C:\Users\koosh\.nuget\packages\system.io.pipelines\10.0.8\buildTransitive\netcoreapp2.0\System.IO.Pipelines.targets(4,5): warning : System.IO.Pipelines 10.0.8 doesn't support net6.0 and has not been tested with it. Consider upgrading your TargetFramework to net8.0 or later. You may also set <SuppressTfmSupportBuildWarnings>true</SuppressTfmSupportBuildWarnings> in the project file to ignore this warning and attempt to run in this unsupported configuration at your own risk. [C:\Users\koosh\Dino\src\Tools\Installer\InstallerLib\DINOForge.Tools.Installer.csproj]
C:\Users\koosh\.nuget\packages\system.text.json\10.0.8\buildTransitive\netcoreapp2.0\System.Text.Json.targets(4,5): warning : System.Text.Json 10.0.8 doesn't support net6.0 and has not been tested with it. Consider upgrading your TargetFramework to net8.0 or later. You may also set <SuppressTfmSupportBuildWarnings>true</SuppressTfmSupportBuildWarnings> in the project file to ignore this warning and attempt to run in this unsupported configuration at your own risk. [C:\Users\koosh\Dino\src\Tools\Installer\InstallerLib\DINOForge.Tools.Installer.csproj]
  DINOForge.Tools.McpServer -> C:\Users\koosh\Dino\src\Tools\McpServer\bin\x64\Release\net11.0\DINOForge.Tools.McpServer.dll
C:\Users\koosh\Dino\src\Tools\McpServer\DINOForge.Tools.McpServer.csproj(31,5): warning MSB3030: Could not copy the file "bare-cua-native.exe" because it was not found.
  DINOForge.Domains.Scenario -> C:\Users\koosh\Dino\src\Domains\Scenario\bin\Release\netstandard2.0\DINOForge.Domains.Scenario.dll
  DINOForge.Domains.Warfare -> C:\Users\koosh\Dino\src\Domains\Warfare\bin\Release\netstandard2.0\DINOForge.Domains.Warfare.dll
  DINOForge.Templates -> C:\Users\koosh\Dino\src\Templates\bin\Release\net11.0\DINOForge.Templates.dll
  DINOForge.Tools.DumpTools -> C:\Users\koosh\Dino\src\Tools\DumpTools\bin\Release\net11.0\win-x64\DINOForge.Tools.DumpTools.dll
  DINOForge.Installer -> C:\Users\koosh\Dino\src\Tools\Installer\GUI\bin\Release\net11.0-windows\DINOForge.Installer.dll
  DINOForge.Tools.Cli -> C:\Users\koosh\Dino\src\Tools\Cli\bin\x64\Release\net11.0\win-x64\DINOForge.Tools.Cli.dll
C:\Users\koosh\Dino\src\Runtime\Bridge\AssetBundleCache.cs(168,27): warning CS8602: Dereference of a possibly null reference. [C:\Users\koosh\Dino\src\Runtime\DINOForge.Runtime.csproj]
C:\Users\koosh\Dino\src\Runtime\Bridge\GameBridgeServer.cs(238,37): warning SYSLIB0006: 'Thread.ResetAbort()' is obsolete: 'Thread.ResetAbort is not supported and throws PlatformNotSupportedException.' (https://aka.ms/dotnet-warnings/SYSLIB0006) [C:\Users\koosh\Dino\src\Runtime\DINOForge.Runtime.csproj]
C:\Users\koosh\Dino\src\Runtime\Bridge\GameBridgeServer.cs(242,33): warning SYSLIB0006: 'Thread.ResetAbort()' is obsolete: 'Thread.ResetAbort is not supported and throws PlatformNotSupportedException.' (https://aka.ms/dotnet-warnings/SYSLIB0006) [C:\Users\koosh\Dino\src\Runtime\DINOForge.Runtime.csproj]
C:\Users\koosh\Dino\src\Runtime\Bridge\GameBridgeServer.cs(257,33): warning SYSLIB0006: 'Thread.ResetAbort()' is obsolete: 'Thread.ResetAbort is not supported and throws PlatformNotSupportedException.' (https://aka.ms/dotnet-warnings/SYSLIB0006) [C:\Users\koosh\Dino\src\Runtime\DINOForge.Runtime.csproj]
C:\Users\koosh\Dino\src\Runtime\Bridge\GameBridgeServer.cs(274,37): warning SYSLIB0006: 'Thread.ResetAbort()' is obsolete: 'Thread.ResetAbort is not supported and throws PlatformNotSupportedException.' (https://aka.ms/dotnet-warnings/SYSLIB0006) [C:\Users\koosh\Dino\src\Runtime\DINOForge.Runtime.csproj]
C:\Users\koosh\Dino\src\Runtime\Bridge\GameBridgeServer.cs(278,33): warning SYSLIB0006: 'Thread.ResetAbort()' is obsolete: 'Thread.ResetAbort is not supported and throws PlatformNotSupportedException.' (https://aka.ms/dotnet-warnings/SYSLIB0006) [C:\Users\koosh\Dino\src\Runtime\DINOForge.Runtime.csproj]
C:\Users\koosh\Dino\src\Runtime\Bridge\GameBridgeServer.cs(331,21): warning SYSLIB0006: 'Thread.ResetAbort()' is obsolete: 'Thread.ResetAbort is not supported and throws PlatformNotSupportedException.' (https://aka.ms/dotnet-warnings/SYSLIB0006) [C:\Users\koosh\Dino\src\Runtime\DINOForge.Runtime.csproj]
C:\Users\koosh\Dino\src\Runtime\Bridge\GameBridgeServer.cs(343,25): warning SYSLIB0006: 'Thread.ResetAbort()' is obsolete: 'Thread.ResetAbort is not supported and throws PlatformNotSupportedException.' (https://aka.ms/dotnet-warnings/SYSLIB0006) [C:\Users\koosh\Dino\src\Runtime\DINOForge.Runtime.csproj]
C:\Users\koosh\Dino\src\Runtime\Bridge\GameBridgeServer.cs(405,17): warning SYSLIB0006: 'Thread.ResetAbort()' is obsolete: 'Thread.ResetAbort is not supported and throws PlatformNotSupportedException.' (https://aka.ms/dotnet-warnings/SYSLIB0006) [C:\Users\koosh\Dino\src\Runtime\DINOForge.Runtime.csproj]
C:\Users\koosh\Dino\src\Runtime\Plugin.cs(757,29): warning CS0162: Unreachable code detected [C:\Users\koosh\Dino\src\Runtime\DINOForge.Runtime.csproj]
C:\Users\koosh\Dino\src\Runtime\Plugin.cs(1052,21): warning CS8602: Dereference of a possibly null reference. [C:\Users\koosh\Dino\src\Runtime\DINOForge.Runtime.csproj]
C:\Users\koosh\Dino\src\Runtime\Plugin.cs(1062,21): warning CS8602: Dereference of a possibly null reference. [C:\Users\koosh\Dino\src\Runtime\DINOForge.Runtime.csproj]
C:\Users\koosh\Dino\src\Runtime\Bridge\VFXPoolManager.cs(206,53): warning CS8600: Converting null literal or possible null value to non-nullable type. [C:\Users\koosh\Dino\src\Runtime\DINOForge.Runtime.csproj]
C:\Users\koosh\Dino\src\Runtime\Bridge\VFXPoolManager.cs(212,57): warning CS8600: Converting null literal or possible null value to non-nullable type. [C:\Users\koosh\Dino\src\Runtime\DINOForge.Runtime.csproj]
C:\Users\koosh\Dino\src\Runtime\Bridge\VFXPoolManager.cs(279,91): warning CS8600: Converting null literal or possible null value to non-nullable type. [C:\Users\koosh\Dino\src\Runtime\DINOForge.Runtime.csproj]
C:\Users\koosh\Dino\src\Runtime\Bridge\StatModifierSystem.cs(227,45): warning CS8605: Unboxing a possibly null value. [C:\Users\koosh\Dino\src\Runtime\DINOForge.Runtime.csproj]
C:\Users\koosh\Dino\src\Runtime\Bridge\StatModifierSystem.cs(234,43): warning CS8605: Unboxing a possibly null value. [C:\Users\koosh\Dino\src\Runtime\DINOForge.Runtime.csproj]
C:\Users\koosh\Dino\src\Runtime\Bridge\StatModifierSystem.cs(527,33): warning CS8605: Unboxing a possibly null value. [C:\Users\koosh\Dino\src\Runtime\DINOForge.Runtime.csproj]
C:\Users\koosh\Dino\src\Runtime\Bridge\StatModifierSystem.cs(534,31): warning CS8605: Unboxing a possibly null value. [C:\Users\koosh\Dino\src\Runtime\DINOForge.Runtime.csproj]
C:\Users\koosh\Dino\src\Runtime\UI\ModSettingsPanel.cs(230,34): warning CS8600: Converting null literal or possible null value to non-nullable type. [C:\Users\koosh\Dino\src\Runtime\DINOForge.Runtime.csproj]
C:\Users\koosh\Dino\src\Runtime\Bridge\GameBridgeServer.cs(1946,50): warning CS8600: Converting null literal or possible null value to non-nullable type. [C:\Users\koosh\Dino\src\Runtime\DINOForge.Runtime.csproj]
C:\Users\koosh\Dino\src\Runtime\Bridge\GameBridgeServer.cs(2009,90): warning CS8601: Possible null reference assignment. [C:\Users\koosh\Dino\src\Runtime\DINOForge.Runtime.csproj]
C:\Users\koosh\Dino\src\Runtime\Bridge\GameBridgeServer.cs(2242,17): warning SYSLIB0006: 'Thread.ResetAbort()' is obsolete: 'Thread.ResetAbort is not supported and throws PlatformNotSupportedException.' (https://aka.ms/dotnet-warnings/SYSLIB0006) [C:\Users\koosh\Dino\src\Runtime\DINOForge.Runtime.csproj]
C:\Users\koosh\Dino\src\Runtime\UI\ModMenuPanel.cs(47,23): warning CS0414: The field 'ModMenuPanel._animT' is assigned but its value is never used [C:\Users\koosh\Dino\src\Runtime\DINOForge.Runtime.csproj]
C:\Users\koosh\Dino\src\Runtime\Assets\AssetService.cs(68,17): warning DF0111: Empty catch block silently swallows exception. Log via `catch (Exception ex) {{ _logger.LogWarning(ex, "context"); }}`, document with `// safe-swallow: <reason>`, or remove the try/catch. [C:\Users\koosh\Dino\src\Runtime\DINOForge.Runtime.csproj]
C:\Users\koosh\Dino\src\Runtime\DebugOverlay.cs(75,13): warning DF0111: Empty catch block silently swallows exception. Log via `catch (Exception ex) {{ _logger.LogWarning(ex, "context"); }}`, document with `// safe-swallow: <reason>`, or remove the try/catch. [C:\Users\koosh\Dino\src\Runtime\DINOForge.Runtime.csproj]
C:\Users\koosh\Dino\src\Runtime\DebugOverlay.cs(88,17): warning DF0111: Empty catch block silently swallows exception. Log via `catch (Exception ex) {{ _logger.LogWarning(ex, "context"); }}`, document with `// safe-swallow: <reason>`, or remove the try/catch. [C:\Users\koosh\Dino\src\Runtime\DINOForge.Runtime.csproj]
C:\Users\koosh\Dino\src\Runtime\Bridge\ComponentMapping.cs(65,17): warning DF0111: Empty catch block silently swallows exception. Log via `catch (Exception ex) {{ _logger.LogWarning(ex, "context"); }}`, document with `// safe-swallow: <reason>`, or remove the try/catch. [C:\Users\koosh\Dino\src\Runtime\DINOForge.Runtime.csproj]
C:\Users\koosh\Dino\src\Runtime\DebugOverlay.cs(248,17): warning DF0111: Empty catch block silently swallows exception. Log via `catch (Exception ex) {{ _logger.LogWarning(ex, "context"); }}`, document with `// safe-swallow: <reason>`, or remove the try/catch. [C:\Users\koosh\Dino\src\Runtime\DINOForge.Runtime.csproj]
C:\Users\koosh\Dino\src\Runtime\Assets\AssetService.cs(301,13): warning DF0111: Empty catch block silently swallows exception. Log via `catch (Exception ex) {{ _logger.LogWarning(ex, "context"); }}`, document with `// safe-swallow: <reason>`, or remove the try/catch. [C:\Users\koosh\Dino\src\Runtime\DINOForge.Runtime.csproj]
C:\Users\koosh\Dino\src\Runtime\DebugOverlay.cs(283,25): warning DF0111: Empty catch block silently swallows exception. Log via `catch (Exception ex) {{ _logger.LogWarning(ex, "context"); }}`, document with `// safe-swallow: <reason>`, or remove the try/catch. [C:\Users\koosh\Dino\src\Runtime\DINOForge.Runtime.csproj]
C:\Users\koosh\Dino\src\Runtime\DebugOverlay.cs(293,17): warning DF0111: Empty catch block silently swallows exception. Log via `catch (Exception ex) {{ _logger.LogWarning(ex, "context"); }}`, document with `// safe-swallow: <reason>`, or remove the try/catch. [C:\Users\koosh\Dino\src\Runtime\DINOForge.Runtime.csproj]
C:\Users\koosh\Dino\src\Runtime\Bridge\WaveInjector.cs(294,13): warning DF0111: Empty catch block silently swallows exception. Log via `catch (Exception ex) {{ _logger.LogWarning(ex, "context"); }}`, document with `// safe-swallow: <reason>`, or remove the try/catch. [C:\Users\koosh\Dino\src\Runtime\DINOForge.Runtime.csproj]
C:\Users\koosh\Dino\src\Runtime\DumpSystem.cs(78,13): warning DF0111: Empty catch block silently swallows exception. Log via `catch (Exception ex) {{ _logger.LogWarning(ex, "context"); }}`, document with `// safe-swallow: <reason>`, or remove the try/catch. [C:\Users\koosh\Dino\src\Runtime\DINOForge.Runtime.csproj]
C:\Users\koosh\Dino\src\Runtime\Bridge\EntityQueries.cs(234,17): warning DF0111: Empty catch block silently swallows exception. Log via `catch (Exception ex) {{ _logger.LogWarning(ex, "context"); }}`, document with `// safe-swallow: <reason>`, or remove the try/catch. [C:\Users\koosh\Dino\src\Runtime\DINOForge.Runtime.csproj]
C:\Users\koosh\Dino\src\Runtime\Bridge\LODManager.cs(173,13): warning DF0111: Empty catch block silently swallows exception. Log via `catch (Exception ex) {{ _logger.LogWarning(ex, "context"); }}`, document with `// safe-swallow: <reason>`, or remove the try/catch. [C:\Users\koosh\Dino\src\Runtime\DINOForge.Runtime.csproj]
C:\Users\koosh\Dino\src\Runtime\Bridge\EcsTypeDiscovery.cs(105,17): warning DF0111: Empty catch block silently swallows exception. Log via `catch (Exception ex) {{ _logger.LogWarning(ex, "context"); }}`, document with `// safe-swallow: <reason>`, or remove the try/catch. [C:\Users\koosh\Dino\src\Runtime\DINOForge.Runtime.csproj]
C:\Users\koosh\Dino\src\Runtime\Bridge\GameBridgeServer.cs(139,13): warning DF0111: Empty catch block silently swallows exception. Log via `catch (Exception ex) {{ _logger.LogWarning(ex, "context"); }}`, document with `// safe-swallow: <reason>`, or remove the try/catch. [C:\Users\koosh\Dino\src\Runtime\DINOForge.Runtime.csproj]
C:\Users\koosh\Dino\src\Runtime\Bridge\GameBridgeServer.cs(104,50): warning DF0111: Empty catch block silently swallows exception. Log via `catch (Exception ex) {{ _logger.LogWarning(ex, "context"); }}`, document with `// safe-swallow: <reason>`, or remove the try/catch. [C:\Users\koosh\Dino\src\Runtime\DINOForge.Runtime.csproj]
C:\Users\koosh\Dino\src\Runtime\Bridge\GameBridgeServer.cs(244,29): warning DF0111: Empty catch block silently swallows exception. Log via `catch (Exception ex) {{ _logger.LogWarning(ex, "context"); }}`, document with `// safe-swallow: <reason>`, or remove the try/catch. [C:\Users\koosh\Dino\src\Runtime\DINOForge.Runtime.csproj]
C:\Users\koosh\Dino\src\Runtime\Bridge\GameBridgeServer.cs(259,29): warning DF0111: Empty catch block silently swallows exception. Log via `catch (Exception ex) {{ _logger.LogWarning(ex, "context"); }}`, document with `// safe-swallow: <reason>`, or remove the try/catch. [C:\Users\koosh\Dino\src\Runtime\DINOForge.Runtime.csproj]
C:\Users\koosh\Dino\src\Runtime\Bridge\GameBridgeServer.cs(280,29): warning DF0111: Empty catch block silently swallows exception. Log via `catch (Exception ex) {{ _logger.LogWarning(ex, "context"); }}`, document with `// safe-swallow: <reason>`, or remove the try/catch. [C:\Users\koosh\Dino\src\Runtime\DINOForge.Runtime.csproj]
C:\Users\koosh\Dino\src\Runtime\Bridge\GameBridgeServer.cs(313,37): warning DF0111: Empty catch block silently swallows exception. Log via `catch (Exception ex) {{ _logger.LogWarning(ex, "context"); }}`, document with `// safe-swallow: <reason>`, or remove the try/catch. [C:\Users\koosh\Dino\src\Runtime\DINOForge.Runtime.csproj]
C:\Users\koosh\Dino\src\Runtime\Bridge\GameBridgeServer.cs(323,17): warning DF0111: Empty catch block silently swallows exception. Log via `catch (Exception ex) {{ _logger.LogWarning(ex, "context"); }}`, document with `// safe-swallow: <reason>`, or remove the try/catch. [C:\Users\koosh\Dino\src\Runtime\DINOForge.Runtime.csproj]
C:\Users\koosh\Dino\src\Runtime\Bridge\GameBridgeServer.cs(333,46): warning DF0111: Empty catch block silently swallows exception. Log via `catch (Exception ex) {{ _logger.LogWarning(ex, "context"); }}`, document with `// safe-swallow: <reason>`, or remove the try/catch. [C:\Users\koosh\Dino\src\Runtime\DINOForge.Runtime.csproj]
C:\Users\koosh\Dino\src\Runtime\Bridge\GameBridgeServer.cs(350,46): warning DF0111: Empty catch block silently swallows exception. Log via `catch (Exception ex) {{ _logger.LogWarning(ex, "context"); }}`, document with `// safe-swallow: <reason>`, or remove the try/catch. [C:\Users\koosh\Dino\src\Runtime\DINOForge.Runtime.csproj]
C:\Users\koosh\Dino\src\Runtime\Bridge\GameBridgeServer.cs(355,46): warning DF0111: Empty catch block silently swallows exception. Log via `catch (Exception ex) {{ _logger.LogWarning(ex, "context"); }}`, document with `// safe-swallow: <reason>`, or remove the try/catch. [C:\Users\koosh\Dino\src\Runtime\DINOForge.Runtime.csproj]
C:\Users\koosh\Dino\src\Runtime\Bridge\GameBridgeServer.cs(362,46): warning DF0111: Empty catch block silently swallows exception. Log via `catch (Exception ex) {{ _logger.LogWarning(ex, "context"); }}`, document with `// safe-swallow: <reason>`, or remove the try/catch. [C:\Users\koosh\Dino\src\Runtime\DINOForge.Runtime.csproj]
C:\Users\koosh\Dino\src\Runtime\Bridge\KeyInputSystem.cs(357,13): warning DF0111: Empty catch block silently swallows exception. Log via `catch (Exception ex) {{ _logger.LogWarning(ex, "context"); }}`, document with `// safe-swallow: <reason>`, or remove the try/catch. [C:\Users\koosh\Dino\src\Runtime\DINOForge.Runtime.csproj]
C:\Users\koosh\Dino\src\Runtime\Bridge\FactionSystem.cs(333,13): warning DF0111: Empty catch block silently swallows exception. Log via `catch (Exception ex) {{ _logger.LogWarning(ex, "context"); }}`, document with `// safe-swallow: <reason>`, or remove the try/catch. [C:\Users\koosh\Dino\src\Runtime\DINOForge.Runtime.csproj]
C:\Users\koosh\Dino\src\Runtime\Plugin.cs(650,72): warning DF0111: Empty catch block silently swallows exception. Log via `catch (Exception ex) {{ _logger.LogWarning(ex, "context"); }}`, document with `// safe-swallow: <reason>`, or remove the try/catch. [C:\Users\koosh\Dino\src\Runtime\DINOForge.Runtime.csproj]
C:\Users\koosh\Dino\src\Runtime\Plugin.cs(688,17): warning DF0111: Empty catch block silently swallows exception. Log via `catch (Exception ex) {{ _logger.LogWarning(ex, "context"); }}`, document with `// safe-swallow: <reason>`, or remove the try/catch. [C:\Users\koosh\Dino\src\Runtime\DINOForge.Runtime.csproj]
C:\Users\koosh\Dino\src\Runtime\Plugin.cs(286,13): warning DF0111: Empty catch block silently swallows exception. Log via `catch (Exception ex) {{ _logger.LogWarning(ex, "context"); }}`, document with `// safe-swallow: <reason>`, or remove the try/catch. [C:\Users\koosh\Dino\src\Runtime\DINOForge.Runtime.csproj]
C:\Users\koosh\Dino\src\Runtime\Plugin.cs(819,33): warning DF0111: Empty catch block silently swallows exception. Log via `catch (Exception ex) {{ _logger.LogWarning(ex, "context"); }}`, document with `// safe-swallow: <reason>`, or remove the try/catch. [C:\Users\koosh\Dino\src\Runtime\DINOForge.Runtime.csproj]
C:\Users\koosh\Dino\src\Runtime\Plugin.cs(839,29): warning DF0111: Empty catch block silently swallows exception. Log via `catch (Exception ex) {{ _logger.LogWarning(ex, "context"); }}`, document with `// safe-swallow: <reason>`, or remove the try/catch. [C:\Users\koosh\Dino\src\Runtime\DINOForge.Runtime.csproj]
C:\Users\koosh\Dino\src\Runtime\Plugin.cs(856,29): warning DF0111: Empty catch block silently swallows exception. Log via `catch (Exception ex) {{ _logger.LogWarning(ex, "context"); }}`, document with `// safe-swallow: <reason>`, or remove the try/catch. [C:\Users\koosh\Dino\src\Runtime\DINOForge.Runtime.csproj]
C:\Users\koosh\Dino\src\Runtime\Plugin.cs(883,29): warning DF0111: Empty catch block silently swallows exception. Log via `catch (Exception ex) {{ _logger.LogWarning(ex, "context"); }}`, document with `// safe-swallow: <reason>`, or remove the try/catch. [C:\Users\koosh\Dino\src\Runtime\DINOForge.Runtime.csproj]
C:\Users\koosh\Dino\src\Runtime\Bridge\AssetSwapSystem.cs(542,13): warning DF0111: Empty catch block silently swallows exception. Log via `catch (Exception ex) {{ _logger.LogWarning(ex, "context"); }}`, document with `// safe-swallow: <reason>`, or remove the try/catch. [C:\Users\koosh\Dino\src\Runtime\DINOForge.Runtime.csproj]
C:\Users\koosh\Dino\src\Runtime\EntityDumper.cs(348,17): warning DF0111: Empty catch block silently swallows exception. Log via `catch (Exception ex) {{ _logger.LogWarning(ex, "context"); }}`, document with `// safe-swallow: <reason>`, or remove the try/catch. [C:\Users\koosh\Dino\src\Runtime\DINOForge.Runtime.csproj]
C:\Users\koosh\Dino\src\Runtime\UI\Adapters\HudElementRendererAdapter.cs(152,13): warning DF0111: Empty catch block silently swallows exception. Log via `catch (Exception ex) {{ _logger.LogWarning(ex, "context"); }}`, document with `// safe-swallow: <reason>`, or remove the try/catch. [C:\Users\koosh\Dino\src\Runtime\DINOForge.Runtime.csproj]
C:\Users\koosh\Dino\src\Runtime\Plugin.cs(1166,13): warning DF0111: Empty catch block silently swallows exception. Log via `catch (Exception ex) {{ _logger.LogWarning(ex, "context"); }}`, document with `// safe-swallow: <reason>`, or remove the try/catch. [C:\Users\koosh\Dino\src\Runtime\DINOForge.Runtime.csproj]
C:\Users\koosh\Dino\src\Runtime\Plugin.cs(1184,13): warning DF0111: Empty catch block silently swallows exception. Log via `catch (Exception ex) {{ _logger.LogWarning(ex, "context"); }}`, document with `// safe-swallow: <reason>`, or remove the try/catch. [C:\Users\koosh\Dino\src\Runtime\DINOForge.Runtime.csproj]
C:\Users\koosh\Dino\src\Runtime\Bridge\GameBridgeServer.cs(552,17): warning DF0111: Empty catch block silently swallows exception. Log via `catch (Exception ex) {{ _logger.LogWarning(ex, "context"); }}`, document with `// safe-swallow: <reason>`, or remove the try/catch. [C:\Users\koosh\Dino\src\Runtime\DINOForge.Runtime.csproj]
C:\Users\koosh\Dino\src\Runtime\Bridge\MainThreadDispatcher.cs(88,43): warning DF0097: TaskCompletionSource ctor without TaskCreationOptions.RunContinuationsAsynchronously risks sync-continuation deadlock. Pass `TaskCreationOptions.RunContinuationsAsynchronously` to the constructor. [C:\Users\koosh\Dino\src\Runtime\DINOForge.Runtime.csproj]
C:\Users\koosh\Dino\src\Runtime\Bridge\MainThreadDispatcher.cs(101,46): warning DF0097: TaskCompletionSource ctor without TaskCreationOptions.RunContinuationsAsynchronously risks sync-continuation deadlock. Pass `TaskCreationOptions.RunContinuationsAsynchronously` to the constructor. [C:\Users\koosh\Dino\src\Runtime\DINOForge.Runtime.csproj]
C:\Users\koosh\Dino\src\Runtime\Bridge\ProjectileVFXSystem.cs(112,13): warning DF0111: Empty catch block silently swallows exception. Log via `catch (Exception ex) {{ _logger.LogWarning(ex, "context"); }}`, document with `// safe-swallow: <reason>`, or remove the try/catch. [C:\Users\koosh\Dino\src\Runtime\DINOForge.Runtime.csproj]
C:\Users\koosh\Dino\src\Runtime\Bridge\SessionHmac.cs(95,38): warning DF0111: Empty catch block silently swallows exception. Log via `catch (Exception ex) {{ _logger.LogWarning(ex, "context"); }}`, document with `// safe-swallow: <reason>`, or remove the try/catch. [C:\Users\koosh\Dino\src\Runtime\DINOForge.Runtime.csproj]
C:\Users\koosh\Dino\src\Runtime\Bridge\PackUnitSpawner.cs(290,13): warning DF0111: Empty catch block silently swallows exception. Log via `catch (Exception ex) {{ _logger.LogWarning(ex, "context"); }}`, document with `// safe-swallow: <reason>`, or remove the try/catch. [C:\Users\koosh\Dino\src\Runtime\DINOForge.Runtime.csproj]
C:\Users\koosh\Dino\src\Runtime\UI\Adapters\ModCanvasAdapter.cs(221,17): warning DF0111: Empty catch block silently swallows exception. Log via `catch (Exception ex) {{ _logger.LogWarning(ex, "context"); }}`, document with `// safe-swallow: <reason>`, or remove the try/catch. [C:\Users\koosh\Dino\src\Runtime\DINOForge.Runtime.csproj]
C:\Users\koosh\Dino\src\Runtime\Bridge\ResourceReader.cs(192,21): warning DF0111: Empty catch block silently swallows exception. Log via `catch (Exception ex) {{ _logger.LogWarning(ex, "context"); }}`, document with `// safe-swallow: <reason>`, or remove the try/catch. [C:\Users\koosh\Dino\src\Runtime\DINOForge.Runtime.csproj]
C:\Users\koosh\Dino\src\Runtime\UI\Adapters\ModSettingsHostAdapter.cs(158,44): warning DF0111: Empty catch block silently swallows exception. Log via `catch (Exception ex) {{ _logger.LogWarning(ex, "context"); }}`, document with `// safe-swallow: <reason>`, or remove the try/catch. [C:\Users\koosh\Dino\src\Runtime\DINOForge.Runtime.csproj]
C:\Users\koosh\Dino\src\Runtime\Bridge\UnitDeathVFXSystem.cs(170,13): warning DF0111: Empty catch block silently swallows exception. Log via `catch (Exception ex) {{ _logger.LogWarning(ex, "context"); }}`, document with `// safe-swallow: <reason>`, or remove the try/catch. [C:\Users\koosh\Dino\src\Runtime\DINOForge.Runtime.csproj]
C:\Users\koosh\Dino\src\Runtime\Bridge\ResourceReader.cs(338,13): warning DF0111: Empty catch block silently swallows exception. Log via `catch (Exception ex) {{ _logger.LogWarning(ex, "context"); }}`, document with `// safe-swallow: <reason>`, or remove the try/catch. [C:\Users\koosh\Dino\src\Runtime\DINOForge.Runtime.csproj]
C:\Users\koosh\Dino\src\Runtime\UI\Adapters\ModSettingsHostAdapter.cs(140,44): warning DF0111: Empty catch block silently swallows exception. Log via `catch (Exception ex) {{ _logger.LogWarning(ex, "context"); }}`, document with `// safe-swallow: <reason>`, or remove the try/catch. [C:\Users\koosh\Dino\src\Runtime\DINOForge.Runtime.csproj]
C:\Users\koosh\Dino\src\Runtime\Bridge\VFXPoolManager.cs(435,13): warning DF0111: Empty catch block silently swallows exception. Log via `catch (Exception ex) {{ _logger.LogWarning(ex, "context"); }}`, document with `// safe-swallow: <reason>`, or remove the try/catch. [C:\Users\koosh\Dino\src\Runtime\DINOForge.Runtime.csproj]
C:\Users\koosh\Dino\src\Runtime\Bridge\VanillaCatalog.cs(136,17): warning DF0111: Empty catch block silently swallows exception. Log via `catch (Exception ex) {{ _logger.LogWarning(ex, "context"); }}`, document with `// safe-swallow: <reason>`, or remove the try/catch. [C:\Users\koosh\Dino\src\Runtime\DINOForge.Runtime.csproj]
C:\Users\koosh\Dino\src\Runtime\Bridge\VanillaCatalog.cs(297,13): warning DF0111: Empty catch block silently swallows exception. Log via `catch (Exception ex) {{ _logger.LogWarning(ex, "context"); }}`, document with `// safe-swallow: <reason>`, or remove the try/catch. [C:\Users\koosh\Dino\src\Runtime\DINOForge.Runtime.csproj]
C:\Users\koosh\Dino\src\Runtime\UI\DebugPanel.cs(459,21): warning DF0111: Empty catch block silently swallows exception. Log via `catch (Exception ex) {{ _logger.LogWarning(ex, "context"); }}`, document with `// safe-swallow: <reason>`, or remove the try/catch. [C:\Users\koosh\Dino\src\Runtime\DINOForge.Runtime.csproj]
C:\Users\koosh\Dino\src\Runtime\UI\DebugPanel.cs(462,13): warning DF0111: Empty catch block silently swallows exception. Log via `catch (Exception ex) {{ _logger.LogWarning(ex, "context"); }}`, document with `// safe-swallow: <reason>`, or remove the try/catch. [C:\Users\koosh\Dino\src\Runtime\DINOForge.Runtime.csproj]
C:\Users\koosh\Dino\src\Runtime\UI\UiActionTrace.cs(97,21): warning DF0111: Empty catch block silently swallows exception. Log via `catch (Exception ex) {{ _logger.LogWarning(ex, "context"); }}`, document with `// safe-swallow: <reason>`, or remove the try/catch. [C:\Users\koosh\Dino\src\Runtime\DINOForge.Runtime.csproj]
C:\Users\koosh\Dino\src\Runtime\UI\UiActionTrace.cs(59,21): warning DF0111: Empty catch block silently swallows exception. Log via `catch (Exception ex) {{ _logger.LogWarning(ex, "context"); }}`, document with `// safe-swallow: <reason>`, or remove the try/catch. [C:\Users\koosh\Dino\src\Runtime\DINOForge.Runtime.csproj]
C:\Users\koosh\Dino\src\Runtime\UI\NativeMenuInjector.cs(210,91): warning DF0111: Empty catch block silently swallows exception. Log via `catch (Exception ex) {{ _logger.LogWarning(ex, "context"); }}`, document with `// safe-swallow: <reason>`, or remove the try/catch. [C:\Users\koosh\Dino\src\Runtime\DINOForge.Runtime.csproj]
C:\Users\koosh\Dino\src\Runtime\UI\NativeMenuInjector.cs(217,13): warning DF0111: Empty catch block silently swallows exception. Log via `catch (Exception ex) {{ _logger.LogWarning(ex, "context"); }}`, document with `// safe-swallow: <reason>`, or remove the try/catch. [C:\Users\koosh\Dino\src\Runtime\DINOForge.Runtime.csproj]
C:\Users\koosh\Dino\src\Runtime\Bridge\StatModifierSystem.cs(582,13): warning DF0111: Empty catch block silently swallows exception. Log via `catch (Exception ex) {{ _logger.LogWarning(ex, "context"); }}`, document with `// safe-swallow: <reason>`, or remove the try/catch. [C:\Users\koosh\Dino\src\Runtime\DINOForge.Runtime.csproj]
C:\Users\koosh\Dino\src\Runtime\UI\NativeUiHelper.cs(192,13): warning DF0111: Empty catch block silently swallows exception. Log via `catch (Exception ex) {{ _logger.LogWarning(ex, "context"); }}`, document with `// safe-swallow: <reason>`, or remove the try/catch. [C:\Users\koosh\Dino\src\Runtime\DINOForge.Runtime.csproj]
C:\Users\koosh\Dino\src\Runtime\UI\UiActionTrace.cs(179,17): warning DF0111: Empty catch block silently swallows exception. Log via `catch (Exception ex) {{ _logger.LogWarning(ex, "context"); }}`, document with `// safe-swallow: <reason>`, or remove the try/catch. [C:\Users\koosh\Dino\src\Runtime\DINOForge.Runtime.csproj]
C:\Users\koosh\Dino\src\Runtime\UI\ModSettingsPanel.cs(256,21): warning DF0111: Empty catch block silently swallows exception. Log via `catch (Exception ex) {{ _logger.LogWarning(ex, "context"); }}`, document with `// safe-swallow: <reason>`, or remove the try/catch. [C:\Users\koosh\Dino\src\Runtime\DINOForge.Runtime.csproj]
C:\Users\koosh\Dino\src\Runtime\Bridge\GameBridgeServer.cs(1161,21): warning DF0111: Empty catch block silently swallows exception. Log via `catch (Exception ex) {{ _logger.LogWarning(ex, "context"); }}`, document with `// safe-swallow: <reason>`, or remove the try/catch. [C:\Users\koosh\Dino\src\Runtime\DINOForge.Runtime.csproj]
C:\Users\koosh\Dino\src\Runtime\Bridge\GameBridgeServer.cs(1273,17): warning DF0111: Empty catch block silently swallows exception. Log via `catch (Exception ex) {{ _logger.LogWarning(ex, "context"); }}`, document with `// safe-swallow: <reason>`, or remove the try/catch. [C:\Users\koosh\Dino\src\Runtime\DINOForge.Runtime.csproj]
C:\Users\koosh\Dino\src\Runtime\Bridge\GameBridgeServer.cs(1330,21): warning DF0111: Empty catch block silently swallows exception. Log via `catch (Exception ex) {{ _logger.LogWarning(ex, "context"); }}`, document with `// safe-swallow: <reason>`, or remove the try/catch. [C:\Users\koosh\Dino\src\Runtime\DINOForge.Runtime.csproj]
C:\Users\koosh\Dino\src\Runtime\UI\NativeMenuInjector.cs(985,13): warning DF0111: Empty catch block silently swallows exception. Log via `catch (Exception ex) {{ _logger.LogWarning(ex, "context"); }}`, document with `// safe-swallow: <reason>`, or remove the try/catch. [C:\Users\koosh\Dino\src\Runtime\DINOForge.Runtime.csproj]
C:\Users\koosh\Dino\src\Runtime\Bridge\GameBridgeServer.cs(2234,99): warning DF0111: Empty catch block silently swallows exception. Log via `catch (Exception ex) {{ _logger.LogWarning(ex, "context"); }}`, document with `// safe-swallow: <reason>`, or remove the try/catch. [C:\Users\koosh\Dino\src\Runtime\DINOForge.Runtime.csproj]
C:\Users\koosh\Dino\src\Runtime\Bridge\GameBridgeServer.cs(2244,13): warning DF0111: Empty catch block silently swallows exception. Log via `catch (Exception ex) {{ _logger.LogWarning(ex, "context"); }}`, document with `// safe-swallow: <reason>`, or remove the try/catch. [C:\Users\koosh\Dino\src\Runtime\DINOForge.Runtime.csproj]
  DINOForge.Runtime -> C:\Users\koosh\Dino\src\Runtime\bin\Release\net8.0\DINOForge.Runtime.dll
  DINOForge.Tests -> C:\Users\koosh\Dino\src\Tests\bin\Release\net8.0\DINOForge.Tests.dll
  DINOForge.Tests.Integration -> C:\Users\koosh\Dino\src\Tests\Integration\bin\Release\net8.0\DINOForge.Tests.Integration.dll

Build succeeded.

C:\Users\koosh\.nuget\packages\system.text.encodings.web\10.0.8\buildTransitive\netcoreapp2.0\System.Text.Encodings.Web.targets(4,5): warning : System.Text.Encodings.Web 10.0.8 doesn't support net6.0 and has not been tested with it. Consider upgrading your TargetFramework to net8.0 or later. You may also set <SuppressTfmSupportBuildWarnings>true</SuppressTfmSupportBuildWarnings> in the project file to ignore this warning and attempt to run in this unsupported configuration at your own risk. [C:\Users\koosh\Dino\src\Tools\Installer\InstallerLib\DINOForge.Tools.Installer.csproj]
C:\Users\koosh\.nuget\packages\system.io.pipelines\10.0.8\buildTransitive\netcoreapp2.0\System.IO.Pipelines.targets(4,5): warning : System.IO.Pipelines 10.0.8 doesn't support net6.0 and has not been tested with it. Consider upgrading your TargetFramework to net8.0 or later. You may also set <SuppressTfmSupportBuildWarnings>true</SuppressTfmSupportBuildWarnings> in the project file to ignore this warning and attempt to run in this unsupported configuration at your own risk. [C:\Users\koosh\Dino\src\Tools\Installer\InstallerLib\DINOForge.Tools.Installer.csproj]
C:\Users\koosh\.nuget\packages\system.text.json\10.0.8\buildTransitive\netcoreapp2.0\System.Text.Json.targets(4,5): warning : System.Text.Json 10.0.8 doesn't support net6.0 and has not been tested with it. Consider upgrading your TargetFramework to net8.0 or later. You may also set <SuppressTfmSupportBuildWarnings>true</SuppressTfmSupportBuildWarnings> in the project file to ignore this warning and attempt to run in this unsupported configuration at your own risk. [C:\Users\koosh\Dino\src\Tools\Installer\InstallerLib\DINOForge.Tools.Installer.csproj]
C:\Users\koosh\.nuget\packages\system.text.encodings.web\10.0.8\buildTransitive\netcoreapp2.0\System.Text.Encodings.Web.targets(4,5): warning : System.Text.Encodings.Web 10.0.8 doesn't support net6.0 and has not been tested with it. Consider upgrading your TargetFramework to net8.0 or later. You may also set <SuppressTfmSupportBuildWarnings>true</SuppressTfmSupportBuildWarnings> in the project file to ignore this warning and attempt to run in this unsupported configuration at your own risk. [C:\Users\koosh\Dino\src\Tools\Installer\InstallerLib\DINOForge.Tools.Installer.csproj]
C:\Users\koosh\.nuget\packages\system.io.pipelines\10.0.8\buildTransitive\netcoreapp2.0\System.IO.Pipelines.targets(4,5): warning : System.IO.Pipelines 10.0.8 doesn't support net6.0 and has not been tested with it. Consider upgrading your TargetFramework to net8.0 or later. You may also set <SuppressTfmSupportBuildWarnings>true</SuppressTfmSupportBuildWarnings> in the project file to ignore this warning and attempt to run in this unsupported configuration at your own risk. [C:\Users\koosh\Dino\src\Tools\Installer\InstallerLib\DINOForge.Tools.Installer.csproj]
C:\Users\koosh\.nuget\packages\system.text.json\10.0.8\buildTransitive\netcoreapp2.0\System.Text.Json.targets(4,5): warning : System.Text.Json 10.0.8 doesn't support net6.0 and has not been tested with it. Consider upgrading your TargetFramework to net8.0 or later. You may also set <SuppressTfmSupportBuildWarnings>true</SuppressTfmSupportBuildWarnings> in the project file to ignore this warning and attempt to run in this unsupported configuration at your own risk. [C:\Users\koosh\Dino\src\Tools\Installer\InstallerLib\DINOForge.Tools.Installer.csproj]
C:\Users\koosh\.nuget\packages\system.text.encodings.web\10.0.8\buildTransitive\netcoreapp2.0\System.Text.Encodings.Web.targets(4,5): warning : System.Text.Encodings.Web 10.0.8 doesn't support net6.0 and has not been tested with it. Consider upgrading your TargetFramework to net8.0 or later. You may also set <SuppressTfmSupportBuildWarnings>true</SuppressTfmSupportBuildWarnings> in the project file to ignore this warning and attempt to run in this unsupported configuration at your own risk. [C:\Users\koosh\Dino\src\Tools\Installer\InstallerLib\DINOForge.Tools.Installer.csproj]
C:\Users\koosh\.nuget\packages\system.io.pipelines\10.0.8\buildTransitive\netcoreapp2.0\System.IO.Pipelines.targets(4,5): warning : System.IO.Pipelines 10.0.8 doesn't support net6.0 and has not been tested with it. Consider upgrading your TargetFramework to net8.0 or later. You may also set <SuppressTfmSupportBuildWarnings>true</SuppressTfmSupportBuildWarnings> in the project file to ignore this warning and attempt to run in this unsupported configuration at your own risk. [C:\Users\koosh\Dino\src\Tools\Installer\InstallerLib\DINOForge.Tools.Installer.csproj]
C:\Users\koosh\.nuget\packages\system.text.json\10.0.8\buildTransitive\netcoreapp2.0\System.Text.Json.targets(4,5): warning : System.Text.Json 10.0.8 doesn't support net6.0 and has not been tested with it. Consider upgrading your TargetFramework to net8.0 or later. You may also set <SuppressTfmSupportBuildWarnings>true</SuppressTfmSupportBuildWarnings> in the project file to ignore this warning and attempt to run in this unsupported configuration at your own risk. [C:\Users\koosh\Dino\src\Tools\Installer\InstallerLib\DINOForge.Tools.Installer.csproj]
C:\Users\koosh\Dino\src\Tools\McpServer\DINOForge.Tools.McpServer.csproj(31,5): warning MSB3030: Could not copy the file "bare-cua-native.exe" because it was not found.
C:\Users\koosh\Dino\src\Runtime\Bridge\AssetBundleCache.cs(168,27): warning CS8602: Dereference of a possibly null reference. [C:\Users\koosh\Dino\src\Runtime\DINOForge.Runtime.csproj]
C:\Users\koosh\Dino\src\Runtime\Bridge\GameBridgeServer.cs(238,37): warning SYSLIB0006: 'Thread.ResetAbort()' is obsolete: 'Thread.ResetAbort is not supported and throws PlatformNotSupportedException.' (https://aka.ms/dotnet-warnings/SYSLIB0006) [C:\Users\koosh\Dino\src\Runtime\DINOForge.Runtime.csproj]
C:\Users\koosh\Dino\src\Runtime\Bridge\GameBridgeServer.cs(242,33): warning SYSLIB0006: 'Thread.ResetAbort()' is obsolete: 'Thread.ResetAbort is not supported and throws PlatformNotSupportedException.' (https://aka.ms/dotnet-warnings/SYSLIB0006) [C:\Users\koosh\Dino\src\Runtime\DINOForge.Runtime.csproj]
C:\Users\koosh\Dino\src\Runtime\Bridge\GameBridgeServer.cs(257,33): warning SYSLIB0006: 'Thread.ResetAbort()' is obsolete: 'Thread.ResetAbort is not supported and throws PlatformNotSupportedException.' (https://aka.ms/dotnet-warnings/SYSLIB0006) [C:\Users\koosh\Dino\src\Runtime\DINOForge.Runtime.csproj]
C:\Users\koosh\Dino\src\Runtime\Bridge\GameBridgeServer.cs(274,37): warning SYSLIB0006: 'Thread.ResetAbort()' is obsolete: 'Thread.ResetAbort is not supported and throws PlatformNotSupportedException.' (https://aka.ms/dotnet-warnings/SYSLIB0006) [C:\Users\koosh\Dino\src\Runtime\DINOForge.Runtime.csproj]
C:\Users\koosh\Dino\src\Runtime\Bridge\GameBridgeServer.cs(278,33): warning SYSLIB0006: 'Thread.ResetAbort()' is obsolete: 'Thread.ResetAbort is not supported and throws PlatformNotSupportedException.' (https://aka.ms/dotnet-warnings/SYSLIB0006) [C:\Users\koosh\Dino\src\Runtime\DINOForge.Runtime.csproj]
C:\Users\koosh\Dino\src\Runtime\Bridge\GameBridgeServer.cs(331,21): warning SYSLIB0006: 'Thread.ResetAbort()' is obsolete: 'Thread.ResetAbort is not supported and throws PlatformNotSupportedException.' (https://aka.ms/dotnet-warnings/SYSLIB0006) [C:\Users\koosh\Dino\src\Runtime\DINOForge.Runtime.csproj]
C:\Users\koosh\Dino\src\Runtime\Bridge\GameBridgeServer.cs(343,25): warning SYSLIB0006: 'Thread.ResetAbort()' is obsolete: 'Thread.ResetAbort is not supported and throws PlatformNotSupportedException.' (https://aka.ms/dotnet-warnings/SYSLIB0006) [C:\Users\koosh\Dino\src\Runtime\DINOForge.Runtime.csproj]
C:\Users\koosh\Dino\src\Runtime\Bridge\GameBridgeServer.cs(405,17): warning SYSLIB0006: 'Thread.ResetAbort()' is obsolete: 'Thread.ResetAbort is not supported and throws PlatformNotSupportedException.' (https://aka.ms/dotnet-warnings/SYSLIB0006) [C:\Users\koosh\Dino\src\Runtime\DINOForge.Runtime.csproj]
C:\Users\koosh\Dino\src\Runtime\Plugin.cs(757,29): warning CS0162: Unreachable code detected [C:\Users\koosh\Dino\src\Runtime\DINOForge.Runtime.csproj]
C:\Users\koosh\Dino\src\Runtime\Plugin.cs(1052,21): warning CS8602: Dereference of a possibly null reference. [C:\Users\koosh\Dino\src\Runtime\DINOForge.Runtime.csproj]
C:\Users\koosh\Dino\src\Runtime\Plugin.cs(1062,21): warning CS8602: Dereference of a possibly null reference. [C:\Users\koosh\Dino\src\Runtime\DINOForge.Runtime.csproj]
C:\Users\koosh\Dino\src\Runtime\Bridge\VFXPoolManager.cs(206,53): warning CS8600: Converting null literal or possible null value to non-nullable type. [C:\Users\koosh\Dino\src\Runtime\DINOForge.Runtime.csproj]
C:\Users\koosh\Dino\src\Runtime\Bridge\VFXPoolManager.cs(212,57): warning CS8600: Converting null literal or possible null value to non-nullable type. [C:\Users\koosh\Dino\src\Runtime\DINOForge.Runtime.csproj]
C:\Users\koosh\Dino\src\Runtime\Bridge\VFXPoolManager.cs(279,91): warning CS8600: Converting null literal or possible null value to non-nullable type. [C:\Users\koosh\Dino\src\Runtime\DINOForge.Runtime.csproj]
C:\Users\koosh\Dino\src\Runtime\Bridge\StatModifierSystem.cs(227,45): warning CS8605: Unboxing a possibly null value. [C:\Users\koosh\Dino\src\Runtime\DINOForge.Runtime.csproj]
C:\Users\koosh\Dino\src\Runtime\Bridge\StatModifierSystem.cs(234,43): warning CS8605: Unboxing a possibly null value. [C:\Users\koosh\Dino\src\Runtime\DINOForge.Runtime.csproj]
C:\Users\koosh\Dino\src\Runtime\Bridge\StatModifierSystem.cs(527,33): warning CS8605: Unboxing a possibly null value. [C:\Users\koosh\Dino\src\Runtime\DINOForge.Runtime.csproj]
C:\Users\koosh\Dino\src\Runtime\Bridge\StatModifierSystem.cs(534,31): warning CS8605: Unboxing a possibly null value. [C:\Users\koosh\Dino\src\Runtime\DINOForge.Runtime.csproj]
C:\Users\koosh\Dino\src\Runtime\UI\ModSettingsPanel.cs(230,34): warning CS8600: Converting null literal or possible null value to non-nullable type. [C:\Users\koosh\Dino\src\Runtime\DINOForge.Runtime.csproj]
C:\Users\koosh\Dino\src\Runtime\Bridge\GameBridgeServer.cs(1946,50): warning CS8600: Converting null literal or possible null value to non-nullable type. [C:\Users\koosh\Dino\src\Runtime\DINOForge.Runtime.csproj]
C:\Users\koosh\Dino\src\Runtime\Bridge\GameBridgeServer.cs(2009,90): warning CS8601: Possible null reference assignment. [C:\Users\koosh\Dino\src\Runtime\DINOForge.Runtime.csproj]
C:\Users\koosh\Dino\src\Runtime\Bridge\GameBridgeServer.cs(2242,17): warning SYSLIB0006: 'Thread.ResetAbort()' is obsolete: 'Thread.ResetAbort is not supported and throws PlatformNotSupportedException.' (https://aka.ms/dotnet-warnings/SYSLIB0006) [C:\Users\koosh\Dino\src\Runtime\DINOForge.Runtime.csproj]
C:\Users\koosh\Dino\src\Runtime\UI\ModMenuPanel.cs(47,23): warning CS0414: The field 'ModMenuPanel._animT' is assigned but its value is never used [C:\Users\koosh\Dino\src\Runtime\DINOForge.Runtime.csproj]
C:\Users\koosh\Dino\src\Runtime\Assets\AssetService.cs(68,17): warning DF0111: Empty catch block silently swallows exception. Log via `catch (Exception ex) {{ _logger.LogWarning(ex, "context"); }}`, document with `// safe-swallow: <reason>`, or remove the try/catch. [C:\Users\koosh\Dino\src\Runtime\DINOForge.Runtime.csproj]
C:\Users\koosh\Dino\src\Runtime\DebugOverlay.cs(75,13): warning DF0111: Empty catch block silently swallows exception. Log via `catch (Exception ex) {{ _logger.LogWarning(ex, "context"); }}`, document with `// safe-swallow: <reason>`, or remove the try/catch. [C:\Users\koosh\Dino\src\Runtime\DINOForge.Runtime.csproj]
C:\Users\koosh\Dino\src\Runtime\DebugOverlay.cs(88,17): warning DF0111: Empty catch block silently swallows exception. Log via `catch (Exception ex) {{ _logger.LogWarning(ex, "context"); }}`, document with `// safe-swallow: <reason>`, or remove the try/catch. [C:\Users\koosh\Dino\src\Runtime\DINOForge.Runtime.csproj]
C:\Users\koosh\Dino\src\Runtime\Bridge\ComponentMapping.cs(65,17): warning DF0111: Empty catch block silently swallows exception. Log via `catch (Exception ex) {{ _logger.LogWarning(ex, "context"); }}`, document with `// safe-swallow: <reason>`, or remove the try/catch. [C:\Users\koosh\Dino\src\Runtime\DINOForge.Runtime.csproj]
C:\Users\koosh\Dino\src\Runtime\DebugOverlay.cs(248,17): warning DF0111: Empty catch block silently swallows exception. Log via `catch (Exception ex) {{ _logger.LogWarning(ex, "context"); }}`, document with `// safe-swallow: <reason>`, or remove the try/catch. [C:\Users\koosh\Dino\src\Runtime\DINOForge.Runtime.csproj]
C:\Users\koosh\Dino\src\Runtime\Assets\AssetService.cs(301,13): warning DF0111: Empty catch block silently swallows exception. Log via `catch (Exception ex) {{ _logger.LogWarning(ex, "context"); }}`, document with `// safe-swallow: <reason>`, or remove the try/catch. [C:\Users\koosh\Dino\src\Runtime\DINOForge.Runtime.csproj]
C:\Users\koosh\Dino\src\Runtime\DebugOverlay.cs(283,25): warning DF0111: Empty catch block silently swallows exception. Log via `catch (Exception ex) {{ _logger.LogWarning(ex, "context"); }}`, document with `// safe-swallow: <reason>`, or remove the try/catch. [C:\Users\koosh\Dino\src\Runtime\DINOForge.Runtime.csproj]
C:\Users\koosh\Dino\src\Runtime\DebugOverlay.cs(293,17): warning DF0111: Empty catch block silently swallows exception. Log via `catch (Exception ex) {{ _logger.LogWarning(ex, "context"); }}`, document with `// safe-swallow: <reason>`, or remove the try/catch. [C:\Users\koosh\Dino\src\Runtime\DINOForge.Runtime.csproj]
C:\Users\koosh\Dino\src\Runtime\Bridge\WaveInjector.cs(294,13): warning DF0111: Empty catch block silently swallows exception. Log via `catch (Exception ex) {{ _logger.LogWarning(ex, "context"); }}`, document with `// safe-swallow: <reason>`, or remove the try/catch. [C:\Users\koosh\Dino\src\Runtime\DINOForge.Runtime.csproj]
C:\Users\koosh\Dino\src\Runtime\DumpSystem.cs(78,13): warning DF0111: Empty catch block silently swallows exception. Log via `catch (Exception ex) {{ _logger.LogWarning(ex, "context"); }}`, document with `// safe-swallow: <reason>`, or remove the try/catch. [C:\Users\koosh\Dino\src\Runtime\DINOForge.Runtime.csproj]
C:\Users\koosh\Dino\src\Runtime\Bridge\EntityQueries.cs(234,17): warning DF0111: Empty catch block silently swallows exception. Log via `catch (Exception ex) {{ _logger.LogWarning(ex, "context"); }}`, document with `// safe-swallow: <reason>`, or remove the try/catch. [C:\Users\koosh\Dino\src\Runtime\DINOForge.Runtime.csproj]
C:\Users\koosh\Dino\src\Runtime\Bridge\LODManager.cs(173,13): warning DF0111: Empty catch block silently swallows exception. Log via `catch (Exception ex) {{ _logger.LogWarning(ex, "context"); }}`, document with `// safe-swallow: <reason>`, or remove the try/catch. [C:\Users\koosh\Dino\src\Runtime\DINOForge.Runtime.csproj]
C:\Users\koosh\Dino\src\Runtime\Bridge\EcsTypeDiscovery.cs(105,17): warning DF0111: Empty catch block silently swallows exception. Log via `catch (Exception ex) {{ _logger.LogWarning(ex, "context"); }}`, document with `// safe-swallow: <reason>`, or remove the try/catch. [C:\Users\koosh\Dino\src\Runtime\DINOForge.Runtime.csproj]
C:\Users\koosh\Dino\src\Runtime\Bridge\GameBridgeServer.cs(139,13): warning DF0111: Empty catch block silently swallows exception. Log via `catch (Exception ex) {{ _logger.LogWarning(ex, "context"); }}`, document with `// safe-swallow: <reason>`, or remove the try/catch. [C:\Users\koosh\Dino\src\Runtime\DINOForge.Runtime.csproj]
C:\Users\koosh\Dino\src\Runtime\Bridge\GameBridgeServer.cs(104,50): warning DF0111: Empty catch block silently swallows exception. Log via `catch (Exception ex) {{ _logger.LogWarning(ex, "context"); }}`, document with `// safe-swallow: <reason>`, or remove the try/catch. [C:\Users\koosh\Dino\src\Runtime\DINOForge.Runtime.csproj]
C:\Users\koosh\Dino\src\Runtime\Bridge\GameBridgeServer.cs(244,29): warning DF0111: Empty catch block silently swallows exception. Log via `catch (Exception ex) {{ _logger.LogWarning(ex, "context"); }}`, document with `// safe-swallow: <reason>`, or remove the try/catch. [C:\Users\koosh\Dino\src\Runtime\DINOForge.Runtime.csproj]
C:\Users\koosh\Dino\src\Runtime\Bridge\GameBridgeServer.cs(259,29): warning DF0111: Empty catch block silently swallows exception. Log via `catch (Exception ex) {{ _logger.LogWarning(ex, "context"); }}`, document with `// safe-swallow: <reason>`, or remove the try/catch. [C:\Users\koosh\Dino\src\Runtime\DINOForge.Runtime.csproj]
C:\Users\koosh\Dino\src\Runtime\Bridge\GameBridgeServer.cs(280,29): warning DF0111: Empty catch block silently swallows exception. Log via `catch (Exception ex) {{ _logger.LogWarning(ex, "context"); }}`, document with `// safe-swallow: <reason>`, or remove the try/catch. [C:\Users\koosh\Dino\src\Runtime\DINOForge.Runtime.csproj]
C:\Users\koosh\Dino\src\Runtime\Bridge\GameBridgeServer.cs(313,37): warning DF0111: Empty catch block silently swallows exception. Log via `catch (Exception ex) {{ _logger.LogWarning(ex, "context"); }}`, document with `// safe-swallow: <reason>`, or remove the try/catch. [C:\Users\koosh\Dino\src\Runtime\DINOForge.Runtime.csproj]
C:\Users\koosh\Dino\src\Runtime\Bridge\GameBridgeServer.cs(323,17): warning DF0111: Empty catch block silently swallows exception. Log via `catch (Exception ex) {{ _logger.LogWarning(ex, "context"); }}`, document with `// safe-swallow: <reason>`, or remove the try/catch. [C:\Users\koosh\Dino\src\Runtime\DINOForge.Runtime.csproj]
C:\Users\koosh\Dino\src\Runtime\Bridge\GameBridgeServer.cs(333,46): warning DF0111: Empty catch block silently swallows exception. Log via `catch (Exception ex) {{ _logger.LogWarning(ex, "context"); }}`, document with `// safe-swallow: <reason>`, or remove the try/catch. [C:\Users\koosh\Dino\src\Runtime\DINOForge.Runtime.csproj]
C:\Users\koosh\Dino\src\Runtime\Bridge\GameBridgeServer.cs(350,46): warning DF0111: Empty catch block silently swallows exception. Log via `catch (Exception ex) {{ _logger.LogWarning(ex, "context"); }}`, document with `// safe-swallow: <reason>`, or remove the try/catch. [C:\Users\koosh\Dino\src\Runtime\DINOForge.Runtime.csproj]
C:\Users\koosh\Dino\src\Runtime\Bridge\GameBridgeServer.cs(355,46): warning DF0111: Empty catch block silently swallows exception. Log via `catch (Exception ex) {{ _logger.LogWarning(ex, "context"); }}`, document with `// safe-swallow: <reason>`, or remove the try/catch. [C:\Users\koosh\Dino\src\Runtime\DINOForge.Runtime.csproj]
C:\Users\koosh\Dino\src\Runtime\Bridge\GameBridgeServer.cs(362,46): warning DF0111: Empty catch block silently swallows exception. Log via `catch (Exception ex) {{ _logger.LogWarning(ex, "context"); }}`, document with `// safe-swallow: <reason>`, or remove the try/catch. [C:\Users\koosh\Dino\src\Runtime\DINOForge.Runtime.csproj]
C:\Users\koosh\Dino\src\Runtime\Bridge\KeyInputSystem.cs(357,13): warning DF0111: Empty catch block silently swallows exception. Log via `catch (Exception ex) {{ _logger.LogWarning(ex, "context"); }}`, document with `// safe-swallow: <reason>`, or remove the try/catch. [C:\Users\koosh\Dino\src\Runtime\DINOForge.Runtime.csproj]
C:\Users\koosh\Dino\src\Runtime\Bridge\FactionSystem.cs(333,13): warning DF0111: Empty catch block silently swallows exception. Log via `catch (Exception ex) {{ _logger.LogWarning(ex, "context"); }}`, document with `// safe-swallow: <reason>`, or remove the try/catch. [C:\Users\koosh\Dino\src\Runtime\DINOForge.Runtime.csproj]
C:\Users\koosh\Dino\src\Runtime\Plugin.cs(650,72): warning DF0111: Empty catch block silently swallows exception. Log via `catch (Exception ex) {{ _logger.LogWarning(ex, "context"); }}`, document with `// safe-swallow: <reason>`, or remove the try/catch. [C:\Users\koosh\Dino\src\Runtime\DINOForge.Runtime.csproj]
C:\Users\koosh\Dino\src\Runtime\Plugin.cs(688,17): warning DF0111: Empty catch block silently swallows exception. Log via `catch (Exception ex) {{ _logger.LogWarning(ex, "context"); }}`, document with `// safe-swallow: <reason>`, or remove the try/catch. [C:\Users\koosh\Dino\src\Runtime\DINOForge.Runtime.csproj]
C:\Users\koosh\Dino\src\Runtime\Plugin.cs(286,13): warning DF0111: Empty catch block silently swallows exception. Log via `catch (Exception ex) {{ _logger.LogWarning(ex, "context"); }}`, document with `// safe-swallow: <reason>`, or remove the try/catch. [C:\Users\koosh\Dino\src\Runtime\DINOForge.Runtime.csproj]
C:\Users\koosh\Dino\src\Runtime\Plugin.cs(819,33): warning DF0111: Empty catch block silently swallows exception. Log via `catch (Exception ex) {{ _logger.LogWarning(ex, "context"); }}`, document with `// safe-swallow: <reason>`, or remove the try/catch. [C:\Users\koosh\Dino\src\Runtime\DINOForge.Runtime.csproj]
C:\Users\koosh\Dino\src\Runtime\Plugin.cs(839,29): warning DF0111: Empty catch block silently swallows exception. Log via `catch (Exception ex) {{ _logger.LogWarning(ex, "context"); }}`, document with `// safe-swallow: <reason>`, or remove the try/catch. [C:\Users\koosh\Dino\src\Runtime\DINOForge.Runtime.csproj]
C:\Users\koosh\Dino\src\Runtime\Plugin.cs(856,29): warning DF0111: Empty catch block silently swallows exception. Log via `catch (Exception ex) {{ _logger.LogWarning(ex, "context"); }}`, document with `// safe-swallow: <reason>`, or remove the try/catch. [C:\Users\koosh\Dino\src\Runtime\DINOForge.Runtime.csproj]
C:\Users\koosh\Dino\src\Runtime\Plugin.cs(883,29): warning DF0111: Empty catch block silently swallows exception. Log via `catch (Exception ex) {{ _logger.LogWarning(ex, "context"); }}`, document with `// safe-swallow: <reason>`, or remove the try/catch. [C:\Users\koosh\Dino\src\Runtime\DINOForge.Runtime.csproj]
C:\Users\koosh\Dino\src\Runtime\Bridge\AssetSwapSystem.cs(542,13): warning DF0111: Empty catch block silently swallows exception. Log via `catch (Exception ex) {{ _logger.LogWarning(ex, "context"); }}`, document with `// safe-swallow: <reason>`, or remove the try/catch. [C:\Users\koosh\Dino\src\Runtime\DINOForge.Runtime.csproj]
C:\Users\koosh\Dino\src\Runtime\EntityDumper.cs(348,17): warning DF0111: Empty catch block silently swallows exception. Log via `catch (Exception ex) {{ _logger.LogWarning(ex, "context"); }}`, document with `// safe-swallow: <reason>`, or remove the try/catch. [C:\Users\koosh\Dino\src\Runtime\DINOForge.Runtime.csproj]
C:\Users\koosh\Dino\src\Runtime\UI\Adapters\HudElementRendererAdapter.cs(152,13): warning DF0111: Empty catch block silently swallows exception. Log via `catch (Exception ex) {{ _logger.LogWarning(ex, "context"); }}`, document with `// safe-swallow: <reason>`, or remove the try/catch. [C:\Users\koosh\Dino\src\Runtime\DINOForge.Runtime.csproj]
C:\Users\koosh\Dino\src\Runtime\Plugin.cs(1166,13): warning DF0111: Empty catch block silently swallows exception. Log via `catch (Exception ex) {{ _logger.LogWarning(ex, "context"); }}`, document with `// safe-swallow: <reason>`, or remove the try/catch. [C:\Users\koosh\Dino\src\Runtime\DINOForge.Runtime.csproj]
C:\Users\koosh\Dino\src\Runtime\Plugin.cs(1184,13): warning DF0111: Empty catch block silently swallows exception. Log via `catch (Exception ex) {{ _logger.LogWarning(ex, "context"); }}`, document with `// safe-swallow: <reason>`, or remove the try/catch. [C:\Users\koosh\Dino\src\Runtime\DINOForge.Runtime.csproj]
C:\Users\koosh\Dino\src\Runtime\Bridge\GameBridgeServer.cs(552,17): warning DF0111: Empty catch block silently swallows exception. Log via `catch (Exception ex) {{ _logger.LogWarning(ex, "context"); }}`, document with `// safe-swallow: <reason>`, or remove the try/catch. [C:\Users\koosh\Dino\src\Runtime\DINOForge.Runtime.csproj]
C:\Users\koosh\Dino\src\Runtime\Bridge\MainThreadDispatcher.cs(88,43): warning DF0097: TaskCompletionSource ctor without TaskCreationOptions.RunContinuationsAsynchronously risks sync-continuation deadlock. Pass `TaskCreationOptions.RunContinuationsAsynchronously` to the constructor. [C:\Users\koosh\Dino\src\Runtime\DINOForge.Runtime.csproj]
C:\Users\koosh\Dino\src\Runtime\Bridge\MainThreadDispatcher.cs(101,46): warning DF0097: TaskCompletionSource ctor without TaskCreationOptions.RunContinuationsAsynchronously risks sync-continuation deadlock. Pass `TaskCreationOptions.RunContinuationsAsynchronously` to the constructor. [C:\Users\koosh\Dino\src\Runtime\DINOForge.Runtime.csproj]
C:\Users\koosh\Dino\src\Runtime\Bridge\ProjectileVFXSystem.cs(112,13): warning DF0111: Empty catch block silently swallows exception. Log via `catch (Exception ex) {{ _logger.LogWarning(ex, "context"); }}`, document with `// safe-swallow: <reason>`, or remove the try/catch. [C:\Users\koosh\Dino\src\Runtime\DINOForge.Runtime.csproj]
C:\Users\koosh\Dino\src\Runtime\Bridge\SessionHmac.cs(95,38): warning DF0111: Empty catch block silently swallows exception. Log via `catch (Exception ex) {{ _logger.LogWarning(ex, "context"); }}`, document with `// safe-swallow: <reason>`, or remove the try/catch. [C:\Users\koosh\Dino\src\Runtime\DINOForge.Runtime.csproj]
C:\Users\koosh\Dino\src\Runtime\Bridge\PackUnitSpawner.cs(290,13): warning DF0111: Empty catch block silently swallows exception. Log via `catch (Exception ex) {{ _logger.LogWarning(ex, "context"); }}`, document with `// safe-swallow: <reason>`, or remove the try/catch. [C:\Users\koosh\Dino\src\Runtime\DINOForge.Runtime.csproj]
C:\Users\koosh\Dino\src\Runtime\UI\Adapters\ModCanvasAdapter.cs(221,17): warning DF0111: Empty catch block silently swallows exception. Log via `catch (Exception ex) {{ _logger.LogWarning(ex, "context"); }}`, document with `// safe-swallow: <reason>`, or remove the try/catch. [C:\Users\koosh\Dino\src\Runtime\DINOForge.Runtime.csproj]
C:\Users\koosh\Dino\src\Runtime\Bridge\ResourceReader.cs(192,21): warning DF0111: Empty catch block silently swallows exception. Log via `catch (Exception ex) {{ _logger.LogWarning(ex, "context"); }}`, document with `// safe-swallow: <reason>`, or remove the try/catch. [C:\Users\koosh\Dino\src\Runtime\DINOForge.Runtime.csproj]
C:\Users\koosh\Dino\src\Runtime\UI\Adapters\ModSettingsHostAdapter.cs(158,44): warning DF0111: Empty catch block silently swallows exception. Log via `catch (Exception ex) {{ _logger.LogWarning(ex, "context"); }}`, document with `// safe-swallow: <reason>`, or remove the try/catch. [C:\Users\koosh\Dino\src\Runtime\DINOForge.Runtime.csproj]
C:\Users\koosh\Dino\src\Runtime\Bridge\UnitDeathVFXSystem.cs(170,13): warning DF0111: Empty catch block silently swallows exception. Log via `catch (Exception ex) {{ _logger.LogWarning(ex, "context"); }}`, document with `// safe-swallow: <reason>`, or remove the try/catch. [C:\Users\koosh\Dino\src\Runtime\DINOForge.Runtime.csproj]
C:\Users\koosh\Dino\src\Runtime\Bridge\ResourceReader.cs(338,13): warning DF0111: Empty catch block silently swallows exception. Log via `catch (Exception ex) {{ _logger.LogWarning(ex, "context"); }}`, document with `// safe-swallow: <reason>`, or remove the try/catch. [C:\Users\koosh\Dino\src\Runtime\DINOForge.Runtime.csproj]
C:\Users\koosh\Dino\src\Runtime\UI\Adapters\ModSettingsHostAdapter.cs(140,44): warning DF0111: Empty catch block silently swallows exception. Log via `catch (Exception ex) {{ _logger.LogWarning(ex, "context"); }}`, document with `// safe-swallow: <reason>`, or remove the try/catch. [C:\Users\koosh\Dino\src\Runtime\DINOForge.Runtime.csproj]
C:\Users\koosh\Dino\src\Runtime\Bridge\VFXPoolManager.cs(435,13): warning DF0111: Empty catch block silently swallows exception. Log via `catch (Exception ex) {{ _logger.LogWarning(ex, "context"); }}`, document with `// safe-swallow: <reason>`, or remove the try/catch. [C:\Users\koosh\Dino\src\Runtime\DINOForge.Runtime.csproj]
C:\Users\koosh\Dino\src\Runtime\Bridge\VanillaCatalog.cs(136,17): warning DF0111: Empty catch block silently swallows exception. Log via `catch (Exception ex) {{ _logger.LogWarning(ex, "context"); }}`, document with `// safe-swallow: <reason>`, or remove the try/catch. [C:\Users\koosh\Dino\src\Runtime\DINOForge.Runtime.csproj]
C:\Users\koosh\Dino\src\Runtime\Bridge\VanillaCatalog.cs(297,13): warning DF0111: Empty catch block silently swallows exception. Log via `catch (Exception ex) {{ _logger.LogWarning(ex, "context"); }}`, document with `// safe-swallow: <reason>`, or remove the try/catch. [C:\Users\koosh\Dino\src\Runtime\DINOForge.Runtime.csproj]
C:\Users\koosh\Dino\src\Runtime\UI\DebugPanel.cs(459,21): warning DF0111: Empty catch block silently swallows exception. Log via `catch (Exception ex) {{ _logger.LogWarning(ex, "context"); }}`, document with `// safe-swallow: <reason>`, or remove the try/catch. [C:\Users\koosh\Dino\src\Runtime\DINOForge.Runtime.csproj]
C:\Users\koosh\Dino\src\Runtime\UI\DebugPanel.cs(462,13): warning DF0111: Empty catch block silently swallows exception. Log via `catch (Exception ex) {{ _logger.LogWarning(ex, "context"); }}`, document with `// safe-swallow: <reason>`, or remove the try/catch. [C:\Users\koosh\Dino\src\Runtime\DINOForge.Runtime.csproj]
C:\Users\koosh\Dino\src\Runtime\UI\UiActionTrace.cs(97,21): warning DF0111: Empty catch block silently swallows exception. Log via `catch (Exception ex) {{ _logger.LogWarning(ex, "context"); }}`, document with `// safe-swallow: <reason>`, or remove the try/catch. [C:\Users\koosh\Dino\src\Runtime\DINOForge.Runtime.csproj]
C:\Users\koosh\Dino\src\Runtime\UI\UiActionTrace.cs(59,21): warning DF0111: Empty catch block silently swallows exception. Log via `catch (Exception ex) {{ _logger.LogWarning(ex, "context"); }}`, document with `// safe-swallow: <reason>`, or remove the try/catch. [C:\Users\koosh\Dino\src\Runtime\DINOForge.Runtime.csproj]
C:\Users\koosh\Dino\src\Runtime\UI\NativeMenuInjector.cs(210,91): warning DF0111: Empty catch block silently swallows exception. Log via `catch (Exception ex) {{ _logger.LogWarning(ex, "context"); }}`, document with `// safe-swallow: <reason>`, or remove the try/catch. [C:\Users\koosh\Dino\src\Runtime\DINOForge.Runtime.csproj]
C:\Users\koosh\Dino\src\Runtime\UI\NativeMenuInjector.cs(217,13): warning DF0111: Empty catch block silently swallows exception. Log via `catch (Exception ex) {{ _logger.LogWarning(ex, "context"); }}`, document with `// safe-swallow: <reason>`, or remove the try/catch. [C:\Users\koosh\Dino\src\Runtime\DINOForge.Runtime.csproj]
C:\Users\koosh\Dino\src\Runtime\Bridge\StatModifierSystem.cs(582,13): warning DF0111: Empty catch block silently swallows exception. Log via `catch (Exception ex) {{ _logger.LogWarning(ex, "context"); }}`, document with `// safe-swallow: <reason>`, or remove the try/catch. [C:\Users\koosh\Dino\src\Runtime\DINOForge.Runtime.csproj]
C:\Users\koosh\Dino\src\Runtime\UI\NativeUiHelper.cs(192,13): warning DF0111: Empty catch block silently swallows exception. Log via `catch (Exception ex) {{ _logger.LogWarning(ex, "context"); }}`, document with `// safe-swallow: <reason>`, or remove the try/catch. [C:\Users\koosh\Dino\src\Runtime\DINOForge.Runtime.csproj]
C:\Users\koosh\Dino\src\Runtime\UI\UiActionTrace.cs(179,17): warning DF0111: Empty catch block silently swallows exception. Log via `catch (Exception ex) {{ _logger.LogWarning(ex, "context"); }}`, document with `// safe-swallow: <reason>`, or remove the try/catch. [C:\Users\koosh\Dino\src\Runtime\DINOForge.Runtime.csproj]
C:\Users\koosh\Dino\src\Runtime\UI\ModSettingsPanel.cs(256,21): warning DF0111: Empty catch block silently swallows exception. Log via `catch (Exception ex) {{ _logger.LogWarning(ex, "context"); }}`, document with `// safe-swallow: <reason>`, or remove the try/catch. [C:\Users\koosh\Dino\src\Runtime\DINOForge.Runtime.csproj]
C:\Users\koosh\Dino\src\Runtime\Bridge\GameBridgeServer.cs(1161,21): warning DF0111: Empty catch block silently swallows exception. Log via `catch (Exception ex) {{ _logger.LogWarning(ex, "context"); }}`, document with `// safe-swallow: <reason>`, or remove the try/catch. [C:\Users\koosh\Dino\src\Runtime\DINOForge.Runtime.csproj]
C:\Users\koosh\Dino\src\Runtime\Bridge\GameBridgeServer.cs(1273,17): warning DF0111: Empty catch block silently swallows exception. Log via `catch (Exception ex) {{ _logger.LogWarning(ex, "context"); }}`, document with `// safe-swallow: <reason>`, or remove the try/catch. [C:\Users\koosh\Dino\src\Runtime\DINOForge.Runtime.csproj]
C:\Users\koosh\Dino\src\Runtime\Bridge\GameBridgeServer.cs(1330,21): warning DF0111: Empty catch block silently swallows exception. Log via `catch (Exception ex) {{ _logger.LogWarning(ex, "context"); }}`, document with `// safe-swallow: <reason>`, or remove the try/catch. [C:\Users\koosh\Dino\src\Runtime\DINOForge.Runtime.csproj]
C:\Users\koosh\Dino\src\Runtime\UI\NativeMenuInjector.cs(985,13): warning DF0111: Empty catch block silently swallows exception. Log via `catch (Exception ex) {{ _logger.LogWarning(ex, "context"); }}`, document with `// safe-swallow: <reason>`, or remove the try/catch. [C:\Users\koosh\Dino\src\Runtime\DINOForge.Runtime.csproj]
C:\Users\koosh\Dino\src\Runtime\Bridge\GameBridgeServer.cs(2234,99): warning DF0111: Empty catch block silently swallows exception. Log via `catch (Exception ex) {{ _logger.LogWarning(ex, "context"); }}`, document with `// safe-swallow: <reason>`, or remove the try/catch. [C:\Users\koosh\Dino\src\Runtime\DINOForge.Runtime.csproj]
C:\Users\koosh\Dino\src\Runtime\Bridge\GameBridgeServer.cs(2244,13): warning DF0111: Empty catch block silently swallows exception. Log via `catch (Exception ex) {{ _logger.LogWarning(ex, "context"); }}`, document with `// safe-swallow: <reason>`, or remove the try/catch. [C:\Users\koosh\Dino\src\Runtime\DINOForge.Runtime.csproj]
    103 Warning(s)
    0 Error(s)

Time Elapsed 00:00:02.22
