

c:\program files\dotnet\sdk\11.0.100-preview.2.26159.112\Sdks\Microsoft.NET.Sdk\targets\Microsoft.NET.RuntimeIdentifierInference.targets(383,5): message NETSDK1057: You are using a preview version of .NET. See: https://aka.ms/dotnet-support-policy [C:\Users\koosh\Dino\src\Templates\DINOForge.Templates.csproj]
c:\program files\dotnet\sdk\11.0.100-preview.2.26159.112\Sdks\Microsoft.NET.Sdk\targets\Microsoft.NET.RuntimeIdentifierInference.targets(383,5): message NETSDK1057: You are using a preview version of .NET. See: https://aka.ms/dotnet-support-policy [C:\Users\koosh\Dino\src\Domains\UI\DINOForge.Domains.UI.csproj]
c:\program files\dotnet\sdk\11.0.100-preview.2.26159.112\Sdks\Microsoft.NET.Sdk\targets\Microsoft.NET.RuntimeIdentifierInference.targets(383,5): message NETSDK1057: You are using a preview version of .NET. See: https://aka.ms/dotnet-support-policy [C:\Users\koosh\Dino\src\Tools\McpServer\DINOForge.Tools.McpServer.csproj]
c:\program files\dotnet\sdk\11.0.100-preview.2.26159.112\Sdks\Microsoft.NET.Sdk\targets\Microsoft.NET.RuntimeIdentifierInference.targets(383,5): message NETSDK1057: You are using a preview version of .NET. See: https://aka.ms/dotnet-support-policy [C:\Users\koosh\Dino\src\Tools\DumpTools\DINOForge.Tools.DumpTools.csproj]
c:\program files\dotnet\sdk\11.0.100-preview.2.26159.112\Sdks\Microsoft.NET.Sdk\targets\Microsoft.NET.RuntimeIdentifierInference.targets(383,5): message NETSDK1057: You are using a preview version of .NET. See: https://aka.ms/dotnet-support-policy [C:\Users\koosh\Dino\src\Domains\Scenario\DINOForge.Domains.Scenario.csproj]
c:\program files\dotnet\sdk\11.0.100-preview.2.26159.112\Sdks\Microsoft.NET.Sdk\targets\Microsoft.NET.RuntimeIdentifierInference.targets(383,5): message NETSDK1057: You are using a preview version of .NET. See: https://aka.ms/dotnet-support-policy [C:\Users\koosh\Dino\src\Bridge\Client\DINOForge.Bridge.Client.csproj]
c:\program files\dotnet\sdk\11.0.100-preview.2.26159.112\Sdks\Microsoft.NET.Sdk\targets\Microsoft.NET.RuntimeIdentifierInference.targets(383,5): message NETSDK1057: You are using a preview version of .NET. See: https://aka.ms/dotnet-support-policy [C:\Users\koosh\Dino\src\Tools\Cli\DINOForge.Tools.Cli.csproj]
c:\program files\dotnet\sdk\11.0.100-preview.2.26159.112\Sdks\Microsoft.NET.Sdk\targets\Microsoft.NET.RuntimeIdentifierInference.targets(383,5): message NETSDK1057: You are using a preview version of .NET. See: https://aka.ms/dotnet-support-policy [C:\Users\koosh\Dino\src\SDK\DINOForge.SDK.csproj]
c:\program files\dotnet\sdk\11.0.100-preview.2.26159.112\Sdks\Microsoft.NET.Sdk\targets\Microsoft.NET.RuntimeIdentifierInference.targets(383,5): message NETSDK1057: You are using a preview version of .NET. See: https://aka.ms/dotnet-support-policy [C:\Users\koosh\Dino\src\Bridge\Protocol\DINOForge.Bridge.Protocol.csproj]
C:\Users\koosh\.nuget\packages\system.text.encodings.web\10.0.8\buildTransitive\netcoreapp2.0\System.Text.Encodings.Web.targets(4,5): warning : System.Text.Encodings.Web 10.0.8 doesn't support net6.0 and has not been tested with it. Consider upgrading your TargetFramework to net8.0 or later. You may also set <SuppressTfmSupportBuildWarnings>true</SuppressTfmSupportBuildWarnings> in the project file to ignore this warning and attempt to run in this unsupported configuration at your own risk. [C:\Users\koosh\Dino\src\Tools\Installer\InstallerLib\DINOForge.Tools.Installer.csproj]
C:\Users\koosh\.nuget\packages\system.io.pipelines\10.0.8\buildTransitive\netcoreapp2.0\System.IO.Pipelines.targets(4,5): warning : System.IO.Pipelines 10.0.8 doesn't support net6.0 and has not been tested with it. Consider upgrading your TargetFramework to net8.0 or later. You may also set <SuppressTfmSupportBuildWarnings>true</SuppressTfmSupportBuildWarnings> in the project file to ignore this warning and attempt to run in this unsupported configuration at your own risk. [C:\Users\koosh\Dino\src\Tools\Installer\InstallerLib\DINOForge.Tools.Installer.csproj]
C:\Users\koosh\.nuget\packages\system.text.json\10.0.8\buildTransitive\netcoreapp2.0\System.Text.Json.targets(4,5): warning : System.Text.Json 10.0.8 doesn't support net6.0 and has not been tested with it. Consider upgrading your TargetFramework to net8.0 or later. You may also set <SuppressTfmSupportBuildWarnings>true</SuppressTfmSupportBuildWarnings> in the project file to ignore this warning and attempt to run in this unsupported configuration at your own risk. [C:\Users\koosh\Dino\src\Tools\Installer\InstallerLib\DINOForge.Tools.Installer.csproj]
c:\program files\dotnet\sdk\11.0.100-preview.2.26159.112\Sdks\Microsoft.NET.Sdk\targets\Microsoft.NET.RuntimeIdentifierInference.targets(383,5): message NETSDK1057: You are using a preview version of .NET. See: https://aka.ms/dotnet-support-policy [C:\Users\koosh\Dino\src\Domains\Warfare\DINOForge.Domains.Warfare.csproj]
c:\program files\dotnet\sdk\11.0.100-preview.2.26159.112\Sdks\Microsoft.NET.Sdk\targets\Microsoft.NET.RuntimeIdentifierInference.targets(383,5): message NETSDK1057: You are using a preview version of .NET. See: https://aka.ms/dotnet-support-policy [C:\Users\koosh\Dino\src\Domains\Economy\DINOForge.Domains.Economy.csproj]
c:\program files\dotnet\sdk\11.0.100-preview.2.26159.112\Sdks\Microsoft.NET.Sdk\targets\Microsoft.NET.RuntimeIdentifierInference.targets(383,5): message NETSDK1057: You are using a preview version of .NET. See: https://aka.ms/dotnet-support-policy [C:\Users\koosh\Dino\src\Tests\Integration\DINOForge.Tests.Integration.csproj]
c:\program files\dotnet\sdk\11.0.100-preview.2.26159.112\Sdks\Microsoft.NET.Sdk\targets\Microsoft.NET.RuntimeIdentifierInference.targets(383,5): message NETSDK1057: You are using a preview version of .NET. See: https://aka.ms/dotnet-support-policy [C:\Users\koosh\Dino\src\Tools\Installer\InstallerLib\DINOForge.Tools.Installer.csproj]
c:\program files\dotnet\sdk\11.0.100-preview.2.26159.112\Sdks\Microsoft.NET.Sdk\targets\Microsoft.NET.RuntimeIdentifierInference.targets(383,5): message NETSDK1057: You are using a preview version of .NET. See: https://aka.ms/dotnet-support-policy [C:\Users\koosh\Dino\src\Tests\DINOForge.Tests.csproj]
c:\program files\dotnet\sdk\11.0.100-preview.2.26159.112\Sdks\Microsoft.NET.Sdk\targets\Microsoft.NET.RuntimeIdentifierInference.targets(383,5): message NETSDK1057: You are using a preview version of .NET. See: https://aka.ms/dotnet-support-policy [C:\Users\koosh\Dino\src\Tools\Installer\GUI\DINOForge.Installer.csproj]
c:\program files\dotnet\sdk\11.0.100-preview.2.26159.112\Sdks\Microsoft.NET.Sdk\targets\Microsoft.NET.RuntimeIdentifierInference.targets(383,5): message NETSDK1057: You are using a preview version of .NET. See: https://aka.ms/dotnet-support-policy [C:\Users\koosh\Dino\src\Runtime\DINOForge.Runtime.csproj]
  DINOForge.Bridge.Protocol -> C:\Users\koosh\Dino\src\Bridge\Protocol\bin\Release\netstandard2.0\DINOForge.Bridge.Protocol.dll
CSC : error CS0006: Metadata file 'C:\Users\koosh\Dino\src\Analyzers\bin\Debug\netstandard2.0\DINOForge.Analyzers.dll' could not be found [C:\Users\koosh\Dino\src\SDK\DINOForge.SDK.csproj]
  DINOForge.Templates -> C:\Users\koosh\Dino\src\Templates\bin\Release\net11.0\DINOForge.Templates.dll
CSC : error CS0006: Metadata file 'C:\Users\koosh\Dino\src\Analyzers\bin\Debug\netstandard2.0\DINOForge.Analyzers.dll' could not be found [C:\Users\koosh\Dino\src\Domains\Warfare\DINOForge.Domains.Warfare.csproj]
CSC : error CS0006: Metadata file 'C:\Users\koosh\Dino\src\Analyzers\bin\Debug\netstandard2.0\DINOForge.Analyzers.dll' could not be found [C:\Users\koosh\Dino\src\Domains\Scenario\DINOForge.Domains.Scenario.csproj]
CSC : error CS0006: Metadata file 'C:\Users\koosh\Dino\src\Analyzers\bin\Debug\netstandard2.0\DINOForge.Analyzers.dll' could not be found [C:\Users\koosh\Dino\src\Domains\UI\DINOForge.Domains.UI.csproj]
CSC : error CS0006: Metadata file 'C:\Users\koosh\Dino\src\Analyzers\bin\Debug\netstandard2.0\DINOForge.Analyzers.dll' could not be found [C:\Users\koosh\Dino\src\Domains\Economy\DINOForge.Domains.Economy.csproj]
  DINOForge.Tools.DumpTools -> C:\Users\koosh\Dino\src\Tools\DumpTools\bin\Release\net11.0\win-x64\DINOForge.Tools.DumpTools.dll
  DINOForge.Tools.Installer -> C:\Users\koosh\Dino\src\Tools\Installer\InstallerLib\bin\Release\net6.0\DINOForge.Tools.Installer.dll
CSC : error CS0006: Metadata file 'C:\Users\koosh\Dino\src\Analyzers\bin\Debug\netstandard2.0\DINOForge.Analyzers.dll' could not be found [C:\Users\koosh\Dino\src\Bridge\Client\DINOForge.Bridge.Client.csproj]
C:\Users\koosh\.nuget\packages\system.text.encodings.web\10.0.8\buildTransitive\netcoreapp2.0\System.Text.Encodings.Web.targets(4,5): warning : System.Text.Encodings.Web 10.0.8 doesn't support net6.0 and has not been tested with it. Consider upgrading your TargetFramework to net8.0 or later. You may also set <SuppressTfmSupportBuildWarnings>true</SuppressTfmSupportBuildWarnings> in the project file to ignore this warning and attempt to run in this unsupported configuration at your own risk. [C:\Users\koosh\Dino\src\Tools\Installer\InstallerLib\DINOForge.Tools.Installer.csproj]
C:\Users\koosh\.nuget\packages\system.io.pipelines\10.0.8\buildTransitive\netcoreapp2.0\System.IO.Pipelines.targets(4,5): warning : System.IO.Pipelines 10.0.8 doesn't support net6.0 and has not been tested with it. Consider upgrading your TargetFramework to net8.0 or later. You may also set <SuppressTfmSupportBuildWarnings>true</SuppressTfmSupportBuildWarnings> in the project file to ignore this warning and attempt to run in this unsupported configuration at your own risk. [C:\Users\koosh\Dino\src\Tools\Installer\InstallerLib\DINOForge.Tools.Installer.csproj]
C:\Users\koosh\.nuget\packages\system.text.json\10.0.8\buildTransitive\netcoreapp2.0\System.Text.Json.targets(4,5): warning : System.Text.Json 10.0.8 doesn't support net6.0 and has not been tested with it. Consider upgrading your TargetFramework to net8.0 or later. You may also set <SuppressTfmSupportBuildWarnings>true</SuppressTfmSupportBuildWarnings> in the project file to ignore this warning and attempt to run in this unsupported configuration at your own risk. [C:\Users\koosh\Dino\src\Tools\Installer\InstallerLib\DINOForge.Tools.Installer.csproj]
CSC : error CS0006: Metadata file 'C:\Users\koosh\Dino\src\Analyzers\bin\Debug\netstandard2.0\DINOForge.Analyzers.dll' could not be found [C:\Users\koosh\Dino\src\Runtime\DINOForge.Runtime.csproj]
  DINOForge.Tools.McpServer -> C:\Users\koosh\Dino\src\Tools\McpServer\bin\x64\Release\net11.0\DINOForge.Tools.McpServer.dll
C:\Users\koosh\Dino\src\Tools\McpServer\DINOForge.Tools.McpServer.csproj(31,5): warning MSB3030: Could not copy the file "bare-cua-native.exe" because it was not found.
C:\Users\koosh\.nuget\packages\system.text.encodings.web\10.0.8\buildTransitive\netcoreapp2.0\System.Text.Encodings.Web.targets(4,5): warning : System.Text.Encodings.Web 10.0.8 doesn't support net6.0 and has not been tested with it. Consider upgrading your TargetFramework to net8.0 or later. You may also set <SuppressTfmSupportBuildWarnings>true</SuppressTfmSupportBuildWarnings> in the project file to ignore this warning and attempt to run in this unsupported configuration at your own risk. [C:\Users\koosh\Dino\src\Tools\Installer\InstallerLib\DINOForge.Tools.Installer.csproj]
C:\Users\koosh\.nuget\packages\system.io.pipelines\10.0.8\buildTransitive\netcoreapp2.0\System.IO.Pipelines.targets(4,5): warning : System.IO.Pipelines 10.0.8 doesn't support net6.0 and has not been tested with it. Consider upgrading your TargetFramework to net8.0 or later. You may also set <SuppressTfmSupportBuildWarnings>true</SuppressTfmSupportBuildWarnings> in the project file to ignore this warning and attempt to run in this unsupported configuration at your own risk. [C:\Users\koosh\Dino\src\Tools\Installer\InstallerLib\DINOForge.Tools.Installer.csproj]
C:\Users\koosh\.nuget\packages\system.text.json\10.0.8\buildTransitive\netcoreapp2.0\System.Text.Json.targets(4,5): warning : System.Text.Json 10.0.8 doesn't support net6.0 and has not been tested with it. Consider upgrading your TargetFramework to net8.0 or later. You may also set <SuppressTfmSupportBuildWarnings>true</SuppressTfmSupportBuildWarnings> in the project file to ignore this warning and attempt to run in this unsupported configuration at your own risk. [C:\Users\koosh\Dino\src\Tools\Installer\InstallerLib\DINOForge.Tools.Installer.csproj]
  DINOForge.Tools.Cli -> C:\Users\koosh\Dino\src\Tools\Cli\bin\x64\Release\net11.0\win-x64\DINOForge.Tools.Cli.dll
C:\Users\koosh\Dino\src\Tests\obj\Release\net8.0\.NETCoreApp,Version=v8.0.AssemblyAttributes.cs(4,12): error CS0579: Duplicate 'global::System.Runtime.Versioning.TargetFrameworkAttribute' attribute [C:\Users\koosh\Dino\src\Tests\DINOForge.Tests.csproj]
C:\Users\koosh\Dino\src\Runtime\RustAssetPipelineInterop.cs(80,23): warning CS0436: The type 'AssetData' in 'C:\Users\koosh\Dino\src\Tests\..\Runtime\RustAssetPipelineInterop.cs' conflicts with the imported type 'AssetData' in 'DINOForge.Runtime, Version=1.0.0.0, Culture=neutral, PublicKeyToken=null'. Using the type defined in 'C:\Users\koosh\Dino\src\Tests\..\Runtime\RustAssetPipelineInterop.cs'. [C:\Users\koosh\Dino\src\Tests\DINOForge.Tests.csproj]
C:\Users\koosh\Dino\src\Runtime\RustAssetPipelineInterop.cs(141,49): warning CS0436: The type 'AssetData' in 'C:\Users\koosh\Dino\src\Tests\..\Runtime\RustAssetPipelineInterop.cs' conflicts with the imported type 'AssetData' in 'DINOForge.Runtime, Version=1.0.0.0, Culture=neutral, PublicKeyToken=null'. Using the type defined in 'C:\Users\koosh\Dino\src\Tests\..\Runtime\RustAssetPipelineInterop.cs'. [C:\Users\koosh\Dino\src\Tests\DINOForge.Tests.csproj]
C:\Users\koosh\Dino\src\Runtime\RustAssetPipelineInterop.cs(141,23): warning CS0436: The type 'AssetData' in 'C:\Users\koosh\Dino\src\Tests\..\Runtime\RustAssetPipelineInterop.cs' conflicts with the imported type 'AssetData' in 'DINOForge.Runtime, Version=1.0.0.0, Culture=neutral, PublicKeyToken=null'. Using the type defined in 'C:\Users\koosh\Dino\src\Tests\..\Runtime\RustAssetPipelineInterop.cs'. [C:\Users\koosh\Dino\src\Tests\DINOForge.Tests.csproj]
C:\Users\koosh\Dino\src\Runtime\RustAssetPipelineInterop.cs(282,16): warning CS0436: The type 'AssetMetadataJson' in 'C:\Users\koosh\Dino\src\Tests\..\Runtime\RustAssetPipelineInterop.cs' conflicts with the imported type 'AssetMetadataJson' in 'DINOForge.Runtime, Version=1.0.0.0, Culture=neutral, PublicKeyToken=null'. Using the type defined in 'C:\Users\koosh\Dino\src\Tests\..\Runtime\RustAssetPipelineInterop.cs'. [C:\Users\koosh\Dino\src\Tests\DINOForge.Tests.csproj]
C:\Users\koosh\Dino\src\Runtime\Bridge\ComponentMap.cs(344,51): warning CS0436: The type 'ComponentMapping' in 'C:\Users\koosh\Dino\src\Tests\..\Runtime\Bridge\ComponentMapping.cs' conflicts with the imported type 'ComponentMapping' in 'DINOForge.Runtime, Version=1.0.0.0, Culture=neutral, PublicKeyToken=null'. Using the type defined in 'C:\Users\koosh\Dino\src\Tests\..\Runtime\Bridge\ComponentMapping.cs'. [C:\Users\koosh\Dino\src\Tests\DINOForge.Tests.csproj]
C:\Users\koosh\Dino\src\Runtime\Bridge\ComponentMap.cs(370,23): warning CS0436: The type 'ComponentMapping' in 'C:\Users\koosh\Dino\src\Tests\..\Runtime\Bridge\ComponentMapping.cs' conflicts with the imported type 'ComponentMapping' in 'DINOForge.Runtime, Version=1.0.0.0, Culture=neutral, PublicKeyToken=null'. Using the type defined in 'C:\Users\koosh\Dino\src\Tests\..\Runtime\Bridge\ComponentMapping.cs'. [C:\Users\koosh\Dino\src\Tests\DINOForge.Tests.csproj]
C:\Users\koosh\Dino\src\Runtime\Bridge\ComponentMap.cs(381,23): warning CS0436: The type 'ComponentMapping' in 'C:\Users\koosh\Dino\src\Tests\..\Runtime\Bridge\ComponentMapping.cs' conflicts with the imported type 'ComponentMapping' in 'DINOForge.Runtime, Version=1.0.0.0, Culture=neutral, PublicKeyToken=null'. Using the type defined in 'C:\Users\koosh\Dino\src\Tests\..\Runtime\Bridge\ComponentMapping.cs'. [C:\Users\koosh\Dino\src\Tests\DINOForge.Tests.csproj]
C:\Users\koosh\Dino\src\Runtime\Bridge\ComponentMap.cs(26,32): warning CS0436: The type 'ComponentMapping' in 'C:\Users\koosh\Dino\src\Tests\..\Runtime\Bridge\ComponentMapping.cs' conflicts with the imported type 'ComponentMapping' in 'DINOForge.Runtime, Version=1.0.0.0, Culture=neutral, PublicKeyToken=null'. Using the type defined in 'C:\Users\koosh\Dino\src\Tests\..\Runtime\Bridge\ComponentMapping.cs'. [C:\Users\koosh\Dino\src\Tests\DINOForge.Tests.csproj]
C:\Users\koosh\Dino\src\Runtime\Bridge\ComponentMap.cs(31,32): warning CS0436: The type 'ComponentMapping' in 'C:\Users\koosh\Dino\src\Tests\..\Runtime\Bridge\ComponentMapping.cs' conflicts with the imported type 'ComponentMapping' in 'DINOForge.Runtime, Version=1.0.0.0, Culture=neutral, PublicKeyToken=null'. Using the type defined in 'C:\Users\koosh\Dino\src\Tests\..\Runtime\Bridge\ComponentMapping.cs'. [C:\Users\koosh\Dino\src\Tests\DINOForge.Tests.csproj]
C:\Users\koosh\Dino\src\Runtime\Bridge\ComponentMap.cs(37,32): warning CS0436: The type 'ComponentMapping' in 'C:\Users\koosh\Dino\src\Tests\..\Runtime\Bridge\ComponentMapping.cs' conflicts with the imported type 'ComponentMapping' in 'DINOForge.Runtime, Version=1.0.0.0, Culture=neutral, PublicKeyToken=null'. Using the type defined in 'C:\Users\koosh\Dino\src\Tests\..\Runtime\Bridge\ComponentMapping.cs'. [C:\Users\koosh\Dino\src\Tests\DINOForge.Tests.csproj]
C:\Users\koosh\Dino\src\Runtime\Bridge\ComponentMap.cs(42,32): warning CS0436: The type 'ComponentMapping' in 'C:\Users\koosh\Dino\src\Tests\..\Runtime\Bridge\ComponentMapping.cs' conflicts with the imported type 'ComponentMapping' in 'DINOForge.Runtime, Version=1.0.0.0, Culture=neutral, PublicKeyToken=null'. Using the type defined in 'C:\Users\koosh\Dino\src\Tests\..\Runtime\Bridge\ComponentMapping.cs'. [C:\Users\koosh\Dino\src\Tests\DINOForge.Tests.csproj]
C:\Users\koosh\Dino\src\Runtime\Bridge\ComponentMap.cs(47,32): warning CS0436: The type 'ComponentMapping' in 'C:\Users\koosh\Dino\src\Tests\..\Runtime\Bridge\ComponentMapping.cs' conflicts with the imported type 'ComponentMapping' in 'DINOForge.Runtime, Version=1.0.0.0, Culture=neutral, PublicKeyToken=null'. Using the type defined in 'C:\Users\koosh\Dino\src\Tests\..\Runtime\Bridge\ComponentMapping.cs'. [C:\Users\koosh\Dino\src\Tests\DINOForge.Tests.csproj]
C:\Users\koosh\Dino\src\Runtime\Bridge\ComponentMap.cs(52,32): warning CS0436: The type 'ComponentMapping' in 'C:\Users\koosh\Dino\src\Tests\..\Runtime\Bridge\ComponentMapping.cs' conflicts with the imported type 'ComponentMapping' in 'DINOForge.Runtime, Version=1.0.0.0, Culture=neutral, PublicKeyToken=null'. Using the type defined in 'C:\Users\koosh\Dino\src\Tests\..\Runtime\Bridge\ComponentMapping.cs'. [C:\Users\koosh\Dino\src\Tests\DINOForge.Tests.csproj]
C:\Users\koosh\Dino\src\Runtime\Bridge\ComponentMap.cs(57,32): warning CS0436: The type 'ComponentMapping' in 'C:\Users\koosh\Dino\src\Tests\..\Runtime\Bridge\ComponentMapping.cs' conflicts with the imported type 'ComponentMapping' in 'DINOForge.Runtime, Version=1.0.0.0, Culture=neutral, PublicKeyToken=null'. Using the type defined in 'C:\Users\koosh\Dino\src\Tests\..\Runtime\Bridge\ComponentMapping.cs'. [C:\Users\koosh\Dino\src\Tests\DINOForge.Tests.csproj]
C:\Users\koosh\Dino\src\Runtime\Bridge\ComponentMap.cs(63,32): warning CS0436: The type 'ComponentMapping' in 'C:\Users\koosh\Dino\src\Tests\..\Runtime\Bridge\ComponentMapping.cs' conflicts with the imported type 'ComponentMapping' in 'DINOForge.Runtime, Version=1.0.0.0, Culture=neutral, PublicKeyToken=null'. Using the type defined in 'C:\Users\koosh\Dino\src\Tests\..\Runtime\Bridge\ComponentMapping.cs'. [C:\Users\koosh\Dino\src\Tests\DINOForge.Tests.csproj]
C:\Users\koosh\Dino\src\Runtime\Bridge\ComponentMap.cs(68,32): warning CS0436: The type 'ComponentMapping' in 'C:\Users\koosh\Dino\src\Tests\..\Runtime\Bridge\ComponentMapping.cs' conflicts with the imported type 'ComponentMapping' in 'DINOForge.Runtime, Version=1.0.0.0, Culture=neutral, PublicKeyToken=null'. Using the type defined in 'C:\Users\koosh\Dino\src\Tests\..\Runtime\Bridge\ComponentMapping.cs'. [C:\Users\koosh\Dino\src\Tests\DINOForge.Tests.csproj]
C:\Users\koosh\Dino\src\Runtime\Bridge\ComponentMap.cs(73,32): warning CS0436: The type 'ComponentMapping' in 'C:\Users\koosh\Dino\src\Tests\..\Runtime\Bridge\ComponentMapping.cs' conflicts with the imported type 'ComponentMapping' in 'DINOForge.Runtime, Version=1.0.0.0, Culture=neutral, PublicKeyToken=null'. Using the type defined in 'C:\Users\koosh\Dino\src\Tests\..\Runtime\Bridge\ComponentMapping.cs'. [C:\Users\koosh\Dino\src\Tests\DINOForge.Tests.csproj]
C:\Users\koosh\Dino\src\Runtime\Bridge\ComponentMap.cs(78,32): warning CS0436: The type 'ComponentMapping' in 'C:\Users\koosh\Dino\src\Tests\..\Runtime\Bridge\ComponentMapping.cs' conflicts with the imported type 'ComponentMapping' in 'DINOForge.Runtime, Version=1.0.0.0, Culture=neutral, PublicKeyToken=null'. Using the type defined in 'C:\Users\koosh\Dino\src\Tests\..\Runtime\Bridge\ComponentMapping.cs'. [C:\Users\koosh\Dino\src\Tests\DINOForge.Tests.csproj]
C:\Users\koosh\Dino\src\Runtime\Bridge\ComponentMap.cs(83,32): warning CS0436: The type 'ComponentMapping' in 'C:\Users\koosh\Dino\src\Tests\..\Runtime\Bridge\ComponentMapping.cs' conflicts with the imported type 'ComponentMapping' in 'DINOForge.Runtime, Version=1.0.0.0, Culture=neutral, PublicKeyToken=null'. Using the type defined in 'C:\Users\koosh\Dino\src\Tests\..\Runtime\Bridge\ComponentMapping.cs'. [C:\Users\koosh\Dino\src\Tests\DINOForge.Tests.csproj]
C:\Users\koosh\Dino\src\Runtime\Bridge\ComponentMap.cs(88,32): warning CS0436: The type 'ComponentMapping' in 'C:\Users\koosh\Dino\src\Tests\..\Runtime\Bridge\ComponentMapping.cs' conflicts with the imported type 'ComponentMapping' in 'DINOForge.Runtime, Version=1.0.0.0, Culture=neutral, PublicKeyToken=null'. Using the type defined in 'C:\Users\koosh\Dino\src\Tests\..\Runtime\Bridge\ComponentMapping.cs'. [C:\Users\koosh\Dino\src\Tests\DINOForge.Tests.csproj]
C:\Users\koosh\Dino\src\Runtime\Bridge\ComponentMap.cs(93,32): warning CS0436: The type 'ComponentMapping' in 'C:\Users\koosh\Dino\src\Tests\..\Runtime\Bridge\ComponentMapping.cs' conflicts with the imported type 'ComponentMapping' in 'DINOForge.Runtime, Version=1.0.0.0, Culture=neutral, PublicKeyToken=null'. Using the type defined in 'C:\Users\koosh\Dino\src\Tests\..\Runtime\Bridge\ComponentMapping.cs'. [C:\Users\koosh\Dino\src\Tests\DINOForge.Tests.csproj]
C:\Users\koosh\Dino\src\Runtime\Bridge\ComponentMap.cs(100,32): warning CS0436: The type 'ComponentMapping' in 'C:\Users\koosh\Dino\src\Tests\..\Runtime\Bridge\ComponentMapping.cs' conflicts with the imported type 'ComponentMapping' in 'DINOForge.Runtime, Version=1.0.0.0, Culture=neutral, PublicKeyToken=null'. Using the type defined in 'C:\Users\koosh\Dino\src\Tests\..\Runtime\Bridge\ComponentMapping.cs'. [C:\Users\koosh\Dino\src\Tests\DINOForge.Tests.csproj]
C:\Users\koosh\Dino\src\Runtime\Bridge\ComponentMap.cs(105,32): warning CS0436: The type 'ComponentMapping' in 'C:\Users\koosh\Dino\src\Tests\..\Runtime\Bridge\ComponentMapping.cs' conflicts with the imported type 'ComponentMapping' in 'DINOForge.Runtime, Version=1.0.0.0, Culture=neutral, PublicKeyToken=null'. Using the type defined in 'C:\Users\koosh\Dino\src\Tests\..\Runtime\Bridge\ComponentMapping.cs'. [C:\Users\koosh\Dino\src\Tests\DINOForge.Tests.csproj]
C:\Users\koosh\Dino\src\Runtime\Bridge\ComponentMap.cs(110,32): warning CS0436: The type 'ComponentMapping' in 'C:\Users\koosh\Dino\src\Tests\..\Runtime\Bridge\ComponentMapping.cs' conflicts with the imported type 'ComponentMapping' in 'DINOForge.Runtime, Version=1.0.0.0, Culture=neutral, PublicKeyToken=null'. Using the type defined in 'C:\Users\koosh\Dino\src\Tests\..\Runtime\Bridge\ComponentMapping.cs'. [C:\Users\koosh\Dino\src\Tests\DINOForge.Tests.csproj]
C:\Users\koosh\Dino\src\Runtime\Bridge\ComponentMap.cs(115,32): warning CS0436: The type 'ComponentMapping' in 'C:\Users\koosh\Dino\src\Tests\..\Runtime\Bridge\ComponentMapping.cs' conflicts with the imported type 'ComponentMapping' in 'DINOForge.Runtime, Version=1.0.0.0, Culture=neutral, PublicKeyToken=null'. Using the type defined in 'C:\Users\koosh\Dino\src\Tests\..\Runtime\Bridge\ComponentMapping.cs'. [C:\Users\koosh\Dino\src\Tests\DINOForge.Tests.csproj]
C:\Users\koosh\Dino\src\Runtime\Bridge\ComponentMap.cs(120,32): warning CS0436: The type 'ComponentMapping' in 'C:\Users\koosh\Dino\src\Tests\..\Runtime\Bridge\ComponentMapping.cs' conflicts with the imported type 'ComponentMapping' in 'DINOForge.Runtime, Version=1.0.0.0, Culture=neutral, PublicKeyToken=null'. Using the type defined in 'C:\Users\koosh\Dino\src\Tests\..\Runtime\Bridge\ComponentMapping.cs'. [C:\Users\koosh\Dino\src\Tests\DINOForge.Tests.csproj]
C:\Users\koosh\Dino\src\Runtime\Bridge\ComponentMap.cs(125,32): warning CS0436: The type 'ComponentMapping' in 'C:\Users\koosh\Dino\src\Tests\..\Runtime\Bridge\ComponentMapping.cs' conflicts with the imported type 'ComponentMapping' in 'DINOForge.Runtime, Version=1.0.0.0, Culture=neutral, PublicKeyToken=null'. Using the type defined in 'C:\Users\koosh\Dino\src\Tests\..\Runtime\Bridge\ComponentMapping.cs'. [C:\Users\koosh\Dino\src\Tests\DINOForge.Tests.csproj]
C:\Users\koosh\Dino\src\Runtime\Bridge\ComponentMap.cs(130,32): warning CS0436: The type 'ComponentMapping' in 'C:\Users\koosh\Dino\src\Tests\..\Runtime\Bridge\ComponentMapping.cs' conflicts with the imported type 'ComponentMapping' in 'DINOForge.Runtime, Version=1.0.0.0, Culture=neutral, PublicKeyToken=null'. Using the type defined in 'C:\Users\koosh\Dino\src\Tests\..\Runtime\Bridge\ComponentMapping.cs'. [C:\Users\koosh\Dino\src\Tests\DINOForge.Tests.csproj]
C:\Users\koosh\Dino\src\Runtime\Bridge\ComponentMap.cs(137,32): warning CS0436: The type 'ComponentMapping' in 'C:\Users\koosh\Dino\src\Tests\..\Runtime\Bridge\ComponentMapping.cs' conflicts with the imported type 'ComponentMapping' in 'DINOForge.Runtime, Version=1.0.0.0, Culture=neutral, PublicKeyToken=null'. Using the type defined in 'C:\Users\koosh\Dino\src\Tests\..\Runtime\Bridge\ComponentMapping.cs'. [C:\Users\koosh\Dino\src\Tests\DINOForge.Tests.csproj]
C:\Users\koosh\Dino\src\Runtime\Bridge\ComponentMap.cs(145,32): warning CS0436: The type 'ComponentMapping' in 'C:\Users\koosh\Dino\src\Tests\..\Runtime\Bridge\ComponentMapping.cs' conflicts with the imported type 'ComponentMapping' in 'DINOForge.Runtime, Version=1.0.0.0, Culture=neutral, PublicKeyToken=null'. Using the type defined in 'C:\Users\koosh\Dino\src\Tests\..\Runtime\Bridge\ComponentMapping.cs'. [C:\Users\koosh\Dino\src\Tests\DINOForge.Tests.csproj]
C:\Users\koosh\Dino\src\Runtime\Bridge\ComponentMap.cs(150,32): warning CS0436: The type 'ComponentMapping' in 'C:\Users\koosh\Dino\src\Tests\..\Runtime\Bridge\ComponentMapping.cs' conflicts with the imported type 'ComponentMapping' in 'DINOForge.Runtime, Version=1.0.0.0, Culture=neutral, PublicKeyToken=null'. Using the type defined in 'C:\Users\koosh\Dino\src\Tests\..\Runtime\Bridge\ComponentMapping.cs'. [C:\Users\koosh\Dino\src\Tests\DINOForge.Tests.csproj]
C:\Users\koosh\Dino\src\Runtime\Bridge\ComponentMap.cs(156,32): warning CS0436: The type 'ComponentMapping' in 'C:\Users\koosh\Dino\src\Tests\..\Runtime\Bridge\ComponentMapping.cs' conflicts with the imported type 'ComponentMapping' in 'DINOForge.Runtime, Version=1.0.0.0, Culture=neutral, PublicKeyToken=null'. Using the type defined in 'C:\Users\koosh\Dino\src\Tests\..\Runtime\Bridge\ComponentMapping.cs'. [C:\Users\koosh\Dino\src\Tests\DINOForge.Tests.csproj]
C:\Users\koosh\Dino\src\Runtime\Bridge\ComponentMap.cs(166,32): warning CS0436: The type 'ComponentMapping' in 'C:\Users\koosh\Dino\src\Tests\..\Runtime\Bridge\ComponentMapping.cs' conflicts with the imported type 'ComponentMapping' in 'DINOForge.Runtime, Version=1.0.0.0, Culture=neutral, PublicKeyToken=null'. Using the type defined in 'C:\Users\koosh\Dino\src\Tests\..\Runtime\Bridge\ComponentMapping.cs'. [C:\Users\koosh\Dino\src\Tests\DINOForge.Tests.csproj]
C:\Users\koosh\Dino\src\Runtime\Bridge\ComponentMap.cs(171,32): warning CS0436: The type 'ComponentMapping' in 'C:\Users\koosh\Dino\src\Tests\..\Runtime\Bridge\ComponentMapping.cs' conflicts with the imported type 'ComponentMapping' in 'DINOForge.Runtime, Version=1.0.0.0, Culture=neutral, PublicKeyToken=null'. Using the type defined in 'C:\Users\koosh\Dino\src\Tests\..\Runtime\Bridge\ComponentMapping.cs'. [C:\Users\koosh\Dino\src\Tests\DINOForge.Tests.csproj]
C:\Users\koosh\Dino\src\Runtime\Bridge\ComponentMap.cs(176,32): warning CS0436: The type 'ComponentMapping' in 'C:\Users\koosh\Dino\src\Tests\..\Runtime\Bridge\ComponentMapping.cs' conflicts with the imported type 'ComponentMapping' in 'DINOForge.Runtime, Version=1.0.0.0, Culture=neutral, PublicKeyToken=null'. Using the type defined in 'C:\Users\koosh\Dino\src\Tests\..\Runtime\Bridge\ComponentMapping.cs'. [C:\Users\koosh\Dino\src\Tests\DINOForge.Tests.csproj]
C:\Users\koosh\Dino\src\Runtime\Bridge\ComponentMap.cs(181,32): warning CS0436: The type 'ComponentMapping' in 'C:\Users\koosh\Dino\src\Tests\..\Runtime\Bridge\ComponentMapping.cs' conflicts with the imported type 'ComponentMapping' in 'DINOForge.Runtime, Version=1.0.0.0, Culture=neutral, PublicKeyToken=null'. Using the type defined in 'C:\Users\koosh\Dino\src\Tests\..\Runtime\Bridge\ComponentMapping.cs'. [C:\Users\koosh\Dino\src\Tests\DINOForge.Tests.csproj]
C:\Users\koosh\Dino\src\Runtime\Bridge\ComponentMap.cs(186,32): warning CS0436: The type 'ComponentMapping' in 'C:\Users\koosh\Dino\src\Tests\..\Runtime\Bridge\ComponentMapping.cs' conflicts with the imported type 'ComponentMapping' in 'DINOForge.Runtime, Version=1.0.0.0, Culture=neutral, PublicKeyToken=null'. Using the type defined in 'C:\Users\koosh\Dino\src\Tests\..\Runtime\Bridge\ComponentMapping.cs'. [C:\Users\koosh\Dino\src\Tests\DINOForge.Tests.csproj]
C:\Users\koosh\Dino\src\Runtime\Bridge\ComponentMap.cs(191,32): warning CS0436: The type 'ComponentMapping' in 'C:\Users\koosh\Dino\src\Tests\..\Runtime\Bridge\ComponentMapping.cs' conflicts with the imported type 'ComponentMapping' in 'DINOForge.Runtime, Version=1.0.0.0, Culture=neutral, PublicKeyToken=null'. Using the type defined in 'C:\Users\koosh\Dino\src\Tests\..\Runtime\Bridge\ComponentMapping.cs'. [C:\Users\koosh\Dino\src\Tests\DINOForge.Tests.csproj]
C:\Users\koosh\Dino\src\Runtime\Bridge\ComponentMap.cs(196,32): warning CS0436: The type 'ComponentMapping' in 'C:\Users\koosh\Dino\src\Tests\..\Runtime\Bridge\ComponentMapping.cs' conflicts with the imported type 'ComponentMapping' in 'DINOForge.Runtime, Version=1.0.0.0, Culture=neutral, PublicKeyToken=null'. Using the type defined in 'C:\Users\koosh\Dino\src\Tests\..\Runtime\Bridge\ComponentMapping.cs'. [C:\Users\koosh\Dino\src\Tests\DINOForge.Tests.csproj]
C:\Users\koosh\Dino\src\Runtime\Bridge\ComponentMap.cs(201,32): warning CS0436: The type 'ComponentMapping' in 'C:\Users\koosh\Dino\src\Tests\..\Runtime\Bridge\ComponentMapping.cs' conflicts with the imported type 'ComponentMapping' in 'DINOForge.Runtime, Version=1.0.0.0, Culture=neutral, PublicKeyToken=null'. Using the type defined in 'C:\Users\koosh\Dino\src\Tests\..\Runtime\Bridge\ComponentMapping.cs'. [C:\Users\koosh\Dino\src\Tests\DINOForge.Tests.csproj]
C:\Users\koosh\Dino\src\Runtime\Bridge\ComponentMap.cs(206,32): warning CS0436: The type 'ComponentMapping' in 'C:\Users\koosh\Dino\src\Tests\..\Runtime\Bridge\ComponentMapping.cs' conflicts with the imported type 'ComponentMapping' in 'DINOForge.Runtime, Version=1.0.0.0, Culture=neutral, PublicKeyToken=null'. Using the type defined in 'C:\Users\koosh\Dino\src\Tests\..\Runtime\Bridge\ComponentMapping.cs'. [C:\Users\koosh\Dino\src\Tests\DINOForge.Tests.csproj]
C:\Users\koosh\Dino\src\Runtime\Bridge\ComponentMap.cs(211,32): warning CS0436: The type 'ComponentMapping' in 'C:\Users\koosh\Dino\src\Tests\..\Runtime\Bridge\ComponentMapping.cs' conflicts with the imported type 'ComponentMapping' in 'DINOForge.Runtime, Version=1.0.0.0, Culture=neutral, PublicKeyToken=null'. Using the type defined in 'C:\Users\koosh\Dino\src\Tests\..\Runtime\Bridge\ComponentMapping.cs'. [C:\Users\koosh\Dino\src\Tests\DINOForge.Tests.csproj]
C:\Users\koosh\Dino\src\Runtime\Bridge\ComponentMap.cs(216,32): warning CS0436: The type 'ComponentMapping' in 'C:\Users\koosh\Dino\src\Tests\..\Runtime\Bridge\ComponentMapping.cs' conflicts with the imported type 'ComponentMapping' in 'DINOForge.Runtime, Version=1.0.0.0, Culture=neutral, PublicKeyToken=null'. Using the type defined in 'C:\Users\koosh\Dino\src\Tests\..\Runtime\Bridge\ComponentMapping.cs'. [C:\Users\koosh\Dino\src\Tests\DINOForge.Tests.csproj]
C:\Users\koosh\Dino\src\Runtime\Bridge\ComponentMap.cs(221,32): warning CS0436: The type 'ComponentMapping' in 'C:\Users\koosh\Dino\src\Tests\..\Runtime\Bridge\ComponentMapping.cs' conflicts with the imported type 'ComponentMapping' in 'DINOForge.Runtime, Version=1.0.0.0, Culture=neutral, PublicKeyToken=null'. Using the type defined in 'C:\Users\koosh\Dino\src\Tests\..\Runtime\Bridge\ComponentMapping.cs'. [C:\Users\koosh\Dino\src\Tests\DINOForge.Tests.csproj]
C:\Users\koosh\Dino\src\Runtime\Bridge\ComponentMap.cs(226,32): warning CS0436: The type 'ComponentMapping' in 'C:\Users\koosh\Dino\src\Tests\..\Runtime\Bridge\ComponentMapping.cs' conflicts with the imported type 'ComponentMapping' in 'DINOForge.Runtime, Version=1.0.0.0, Culture=neutral, PublicKeyToken=null'. Using the type defined in 'C:\Users\koosh\Dino\src\Tests\..\Runtime\Bridge\ComponentMapping.cs'. [C:\Users\koosh\Dino\src\Tests\DINOForge.Tests.csproj]
C:\Users\koosh\Dino\src\Runtime\Bridge\ComponentMap.cs(243,32): warning CS0436: The type 'ComponentMapping' in 'C:\Users\koosh\Dino\src\Tests\..\Runtime\Bridge\ComponentMapping.cs' conflicts with the imported type 'ComponentMapping' in 'DINOForge.Runtime, Version=1.0.0.0, Culture=neutral, PublicKeyToken=null'. Using the type defined in 'C:\Users\koosh\Dino\src\Tests\..\Runtime\Bridge\ComponentMapping.cs'. [C:\Users\koosh\Dino\src\Tests\DINOForge.Tests.csproj]
C:\Users\koosh\Dino\src\Runtime\Bridge\ComponentMap.cs(249,32): warning CS0436: The type 'ComponentMapping' in 'C:\Users\koosh\Dino\src\Tests\..\Runtime\Bridge\ComponentMapping.cs' conflicts with the imported type 'ComponentMapping' in 'DINOForge.Runtime, Version=1.0.0.0, Culture=neutral, PublicKeyToken=null'. Using the type defined in 'C:\Users\koosh\Dino\src\Tests\..\Runtime\Bridge\ComponentMapping.cs'. [C:\Users\koosh\Dino\src\Tests\DINOForge.Tests.csproj]
C:\Users\koosh\Dino\src\Runtime\Bridge\ComponentMap.cs(255,32): warning CS0436: The type 'ComponentMapping' in 'C:\Users\koosh\Dino\src\Tests\..\Runtime\Bridge\ComponentMapping.cs' conflicts with the imported type 'ComponentMapping' in 'DINOForge.Runtime, Version=1.0.0.0, Culture=neutral, PublicKeyToken=null'. Using the type defined in 'C:\Users\koosh\Dino\src\Tests\..\Runtime\Bridge\ComponentMapping.cs'. [C:\Users\koosh\Dino\src\Tests\DINOForge.Tests.csproj]
C:\Users\koosh\Dino\src\Runtime\Bridge\ComponentMap.cs(261,32): warning CS0436: The type 'ComponentMapping' in 'C:\Users\koosh\Dino\src\Tests\..\Runtime\Bridge\ComponentMapping.cs' conflicts with the imported type 'ComponentMapping' in 'DINOForge.Runtime, Version=1.0.0.0, Culture=neutral, PublicKeyToken=null'. Using the type defined in 'C:\Users\koosh\Dino\src\Tests\..\Runtime\Bridge\ComponentMapping.cs'. [C:\Users\koosh\Dino\src\Tests\DINOForge.Tests.csproj]
C:\Users\koosh\Dino\src\Runtime\Bridge\ComponentMap.cs(267,32): warning CS0436: The type 'ComponentMapping' in 'C:\Users\koosh\Dino\src\Tests\..\Runtime\Bridge\ComponentMapping.cs' conflicts with the imported type 'ComponentMapping' in 'DINOForge.Runtime, Version=1.0.0.0, Culture=neutral, PublicKeyToken=null'. Using the type defined in 'C:\Users\koosh\Dino\src\Tests\..\Runtime\Bridge\ComponentMapping.cs'. [C:\Users\koosh\Dino\src\Tests\DINOForge.Tests.csproj]
C:\Users\koosh\Dino\src\Runtime\Bridge\ComponentMap.cs(273,32): warning CS0436: The type 'ComponentMapping' in 'C:\Users\koosh\Dino\src\Tests\..\Runtime\Bridge\ComponentMapping.cs' conflicts with the imported type 'ComponentMapping' in 'DINOForge.Runtime, Version=1.0.0.0, Culture=neutral, PublicKeyToken=null'. Using the type defined in 'C:\Users\koosh\Dino\src\Tests\..\Runtime\Bridge\ComponentMapping.cs'. [C:\Users\koosh\Dino\src\Tests\DINOForge.Tests.csproj]
C:\Users\koosh\Dino\src\Runtime\Bridge\ComponentMap.cs(279,32): warning CS0436: The type 'ComponentMapping' in 'C:\Users\koosh\Dino\src\Tests\..\Runtime\Bridge\ComponentMapping.cs' conflicts with the imported type 'ComponentMapping' in 'DINOForge.Runtime, Version=1.0.0.0, Culture=neutral, PublicKeyToken=null'. Using the type defined in 'C:\Users\koosh\Dino\src\Tests\..\Runtime\Bridge\ComponentMapping.cs'. [C:\Users\koosh\Dino\src\Tests\DINOForge.Tests.csproj]
C:\Users\koosh\Dino\src\Runtime\Bridge\ComponentMap.cs(285,32): warning CS0436: The type 'ComponentMapping' in 'C:\Users\koosh\Dino\src\Tests\..\Runtime\Bridge\ComponentMapping.cs' conflicts with the imported type 'ComponentMapping' in 'DINOForge.Runtime, Version=1.0.0.0, Culture=neutral, PublicKeyToken=null'. Using the type defined in 'C:\Users\koosh\Dino\src\Tests\..\Runtime\Bridge\ComponentMapping.cs'. [C:\Users\koosh\Dino\src\Tests\DINOForge.Tests.csproj]
C:\Users\koosh\Dino\src\Runtime\Bridge\ComponentMap.cs(291,32): warning CS0436: The type 'ComponentMapping' in 'C:\Users\koosh\Dino\src\Tests\..\Runtime\Bridge\ComponentMapping.cs' conflicts with the imported type 'ComponentMapping' in 'DINOForge.Runtime, Version=1.0.0.0, Culture=neutral, PublicKeyToken=null'. Using the type defined in 'C:\Users\koosh\Dino\src\Tests\..\Runtime\Bridge\ComponentMapping.cs'. [C:\Users\koosh\Dino\src\Tests\DINOForge.Tests.csproj]
C:\Users\koosh\Dino\src\Runtime\Bridge\ComponentMap.cs(296,32): warning CS0436: The type 'ComponentMapping' in 'C:\Users\koosh\Dino\src\Tests\..\Runtime\Bridge\ComponentMapping.cs' conflicts with the imported type 'ComponentMapping' in 'DINOForge.Runtime, Version=1.0.0.0, Culture=neutral, PublicKeyToken=null'. Using the type defined in 'C:\Users\koosh\Dino\src\Tests\..\Runtime\Bridge\ComponentMapping.cs'. [C:\Users\koosh\Dino\src\Tests\DINOForge.Tests.csproj]
C:\Users\koosh\Dino\src\Runtime\Bridge\ComponentMap.cs(301,32): warning CS0436: The type 'ComponentMapping' in 'C:\Users\koosh\Dino\src\Tests\..\Runtime\Bridge\ComponentMapping.cs' conflicts with the imported type 'ComponentMapping' in 'DINOForge.Runtime, Version=1.0.0.0, Culture=neutral, PublicKeyToken=null'. Using the type defined in 'C:\Users\koosh\Dino\src\Tests\..\Runtime\Bridge\ComponentMapping.cs'. [C:\Users\koosh\Dino\src\Tests\DINOForge.Tests.csproj]
C:\Users\koosh\Dino\src\Runtime\Bridge\ComponentMap.cs(306,32): warning CS0436: The type 'ComponentMapping' in 'C:\Users\koosh\Dino\src\Tests\..\Runtime\Bridge\ComponentMapping.cs' conflicts with the imported type 'ComponentMapping' in 'DINOForge.Runtime, Version=1.0.0.0, Culture=neutral, PublicKeyToken=null'. Using the type defined in 'C:\Users\koosh\Dino\src\Tests\..\Runtime\Bridge\ComponentMapping.cs'. [C:\Users\koosh\Dino\src\Tests\DINOForge.Tests.csproj]
C:\Users\koosh\Dino\src\Runtime\Bridge\ComponentMap.cs(311,32): warning CS0436: The type 'ComponentMapping' in 'C:\Users\koosh\Dino\src\Tests\..\Runtime\Bridge\ComponentMapping.cs' conflicts with the imported type 'ComponentMapping' in 'DINOForge.Runtime, Version=1.0.0.0, Culture=neutral, PublicKeyToken=null'. Using the type defined in 'C:\Users\koosh\Dino\src\Tests\..\Runtime\Bridge\ComponentMapping.cs'. [C:\Users\koosh\Dino\src\Tests\DINOForge.Tests.csproj]
C:\Users\koosh\Dino\src\Runtime\Bridge\ComponentMap.cs(316,32): warning CS0436: The type 'ComponentMapping' in 'C:\Users\koosh\Dino\src\Tests\..\Runtime\Bridge\ComponentMapping.cs' conflicts with the imported type 'ComponentMapping' in 'DINOForge.Runtime, Version=1.0.0.0, Culture=neutral, PublicKeyToken=null'. Using the type defined in 'C:\Users\koosh\Dino\src\Tests\..\Runtime\Bridge\ComponentMapping.cs'. [C:\Users\koosh\Dino\src\Tests\DINOForge.Tests.csproj]
C:\Users\koosh\Dino\src\Runtime\Bridge\ComponentMap.cs(321,32): warning CS0436: The type 'ComponentMapping' in 'C:\Users\koosh\Dino\src\Tests\..\Runtime\Bridge\ComponentMapping.cs' conflicts with the imported type 'ComponentMapping' in 'DINOForge.Runtime, Version=1.0.0.0, Culture=neutral, PublicKeyToken=null'. Using the type defined in 'C:\Users\koosh\Dino\src\Tests\..\Runtime\Bridge\ComponentMapping.cs'. [C:\Users\koosh\Dino\src\Tests\DINOForge.Tests.csproj]
C:\Users\koosh\Dino\src\Runtime\Bridge\ComponentMap.cs(326,32): warning CS0436: The type 'ComponentMapping' in 'C:\Users\koosh\Dino\src\Tests\..\Runtime\Bridge\ComponentMapping.cs' conflicts with the imported type 'ComponentMapping' in 'DINOForge.Runtime, Version=1.0.0.0, Culture=neutral, PublicKeyToken=null'. Using the type defined in 'C:\Users\koosh\Dino\src\Tests\..\Runtime\Bridge\ComponentMapping.cs'. [C:\Users\koosh\Dino\src\Tests\DINOForge.Tests.csproj]
C:\Users\koosh\Dino\src\Runtime\Bridge\ComponentMap.cs(331,32): warning CS0436: The type 'ComponentMapping' in 'C:\Users\koosh\Dino\src\Tests\..\Runtime\Bridge\ComponentMapping.cs' conflicts with the imported type 'ComponentMapping' in 'DINOForge.Runtime, Version=1.0.0.0, Culture=neutral, PublicKeyToken=null'. Using the type defined in 'C:\Users\koosh\Dino\src\Tests\..\Runtime\Bridge\ComponentMapping.cs'. [C:\Users\koosh\Dino\src\Tests\DINOForge.Tests.csproj]
C:\Users\koosh\Dino\src\Runtime\Bridge\ComponentMap.cs(339,52): warning CS0436: The type 'ComponentMapping' in 'C:\Users\koosh\Dino\src\Tests\..\Runtime\Bridge\ComponentMapping.cs' conflicts with the imported type 'ComponentMapping' in 'DINOForge.Runtime, Version=1.0.0.0, Culture=neutral, PublicKeyToken=null'. Using the type defined in 'C:\Users\koosh\Dino\src\Tests\..\Runtime\Bridge\ComponentMapping.cs'. [C:\Users\koosh\Dino\src\Tests\DINOForge.Tests.csproj]
C:\Users\koosh\Dino\src\Tests\ECS\MockEntityManager.cs(115,44): warning CS8625: Cannot convert null literal to non-nullable reference type. [C:\Users\koosh\Dino\src\Tests\DINOForge.Tests.csproj]
C:\Users\koosh\Dino\src\Tests\Integration\Tests\ParallelGameE2ETests.cs(798,14): error CS0103: The name '_infrastructureAvailable' does not exist in the current context [C:\Users\koosh\Dino\src\Tests\Integration\DINOForge.Tests.Integration.csproj]
C:\Users\koosh\Dino\src\Tests\Integration\Tests\ParallelGameE2ETests.cs(847,14): error CS0103: The name '_infrastructureAvailable' does not exist in the current context [C:\Users\koosh\Dino\src\Tests\Integration\DINOForge.Tests.Integration.csproj]
C:\Users\koosh\Dino\src\Tests\Integration\Tests\ParallelGameE2ETests.cs(880,14): error CS0103: The name '_infrastructureAvailable' does not exist in the current context [C:\Users\koosh\Dino\src\Tests\Integration\DINOForge.Tests.Integration.csproj]
C:\Users\koosh\Dino\src\Tests\Integration\Tests\ParallelGameE2ETests.cs(943,14): error CS0103: The name '_infrastructureAvailable' does not exist in the current context [C:\Users\koosh\Dino\src\Tests\Integration\DINOForge.Tests.Integration.csproj]
C:\Users\koosh\Dino\src\Tests\Integration\Tests\ParallelGameE2ETests.cs(985,14): error CS0103: The name '_infrastructureAvailable' does not exist in the current context [C:\Users\koosh\Dino\src\Tests\Integration\DINOForge.Tests.Integration.csproj]
C:\Users\koosh\Dino\src\Tests\Integration\Tests\ParallelGameE2ETests.cs(766,18): warning CS0414: The field 'FreshInstallTests._isDisposed' is assigned but its value is never used [C:\Users\koosh\Dino\src\Tests\Integration\DINOForge.Tests.Integration.csproj]
  DINOForge.Installer -> C:\Users\koosh\Dino\src\Tools\Installer\GUI\bin\Release\net11.0-windows\DINOForge.Installer.dll

Build FAILED.

C:\Users\koosh\.nuget\packages\system.text.encodings.web\10.0.8\buildTransitive\netcoreapp2.0\System.Text.Encodings.Web.targets(4,5): warning : System.Text.Encodings.Web 10.0.8 doesn't support net6.0 and has not been tested with it. Consider upgrading your TargetFramework to net8.0 or later. You may also set <SuppressTfmSupportBuildWarnings>true</SuppressTfmSupportBuildWarnings> in the project file to ignore this warning and attempt to run in this unsupported configuration at your own risk. [C:\Users\koosh\Dino\src\Tools\Installer\InstallerLib\DINOForge.Tools.Installer.csproj]
C:\Users\koosh\.nuget\packages\system.io.pipelines\10.0.8\buildTransitive\netcoreapp2.0\System.IO.Pipelines.targets(4,5): warning : System.IO.Pipelines 10.0.8 doesn't support net6.0 and has not been tested with it. Consider upgrading your TargetFramework to net8.0 or later. You may also set <SuppressTfmSupportBuildWarnings>true</SuppressTfmSupportBuildWarnings> in the project file to ignore this warning and attempt to run in this unsupported configuration at your own risk. [C:\Users\koosh\Dino\src\Tools\Installer\InstallerLib\DINOForge.Tools.Installer.csproj]
C:\Users\koosh\.nuget\packages\system.text.json\10.0.8\buildTransitive\netcoreapp2.0\System.Text.Json.targets(4,5): warning : System.Text.Json 10.0.8 doesn't support net6.0 and has not been tested with it. Consider upgrading your TargetFramework to net8.0 or later. You may also set <SuppressTfmSupportBuildWarnings>true</SuppressTfmSupportBuildWarnings> in the project file to ignore this warning and attempt to run in this unsupported configuration at your own risk. [C:\Users\koosh\Dino\src\Tools\Installer\InstallerLib\DINOForge.Tools.Installer.csproj]
C:\Users\koosh\.nuget\packages\system.text.encodings.web\10.0.8\buildTransitive\netcoreapp2.0\System.Text.Encodings.Web.targets(4,5): warning : System.Text.Encodings.Web 10.0.8 doesn't support net6.0 and has not been tested with it. Consider upgrading your TargetFramework to net8.0 or later. You may also set <SuppressTfmSupportBuildWarnings>true</SuppressTfmSupportBuildWarnings> in the project file to ignore this warning and attempt to run in this unsupported configuration at your own risk. [C:\Users\koosh\Dino\src\Tools\Installer\InstallerLib\DINOForge.Tools.Installer.csproj]
C:\Users\koosh\.nuget\packages\system.io.pipelines\10.0.8\buildTransitive\netcoreapp2.0\System.IO.Pipelines.targets(4,5): warning : System.IO.Pipelines 10.0.8 doesn't support net6.0 and has not been tested with it. Consider upgrading your TargetFramework to net8.0 or later. You may also set <SuppressTfmSupportBuildWarnings>true</SuppressTfmSupportBuildWarnings> in the project file to ignore this warning and attempt to run in this unsupported configuration at your own risk. [C:\Users\koosh\Dino\src\Tools\Installer\InstallerLib\DINOForge.Tools.Installer.csproj]
C:\Users\koosh\.nuget\packages\system.text.json\10.0.8\buildTransitive\netcoreapp2.0\System.Text.Json.targets(4,5): warning : System.Text.Json 10.0.8 doesn't support net6.0 and has not been tested with it. Consider upgrading your TargetFramework to net8.0 or later. You may also set <SuppressTfmSupportBuildWarnings>true</SuppressTfmSupportBuildWarnings> in the project file to ignore this warning and attempt to run in this unsupported configuration at your own risk. [C:\Users\koosh\Dino\src\Tools\Installer\InstallerLib\DINOForge.Tools.Installer.csproj]
C:\Users\koosh\Dino\src\Tools\McpServer\DINOForge.Tools.McpServer.csproj(31,5): warning MSB3030: Could not copy the file "bare-cua-native.exe" because it was not found.
C:\Users\koosh\.nuget\packages\system.text.encodings.web\10.0.8\buildTransitive\netcoreapp2.0\System.Text.Encodings.Web.targets(4,5): warning : System.Text.Encodings.Web 10.0.8 doesn't support net6.0 and has not been tested with it. Consider upgrading your TargetFramework to net8.0 or later. You may also set <SuppressTfmSupportBuildWarnings>true</SuppressTfmSupportBuildWarnings> in the project file to ignore this warning and attempt to run in this unsupported configuration at your own risk. [C:\Users\koosh\Dino\src\Tools\Installer\InstallerLib\DINOForge.Tools.Installer.csproj]
C:\Users\koosh\.nuget\packages\system.io.pipelines\10.0.8\buildTransitive\netcoreapp2.0\System.IO.Pipelines.targets(4,5): warning : System.IO.Pipelines 10.0.8 doesn't support net6.0 and has not been tested with it. Consider upgrading your TargetFramework to net8.0 or later. You may also set <SuppressTfmSupportBuildWarnings>true</SuppressTfmSupportBuildWarnings> in the project file to ignore this warning and attempt to run in this unsupported configuration at your own risk. [C:\Users\koosh\Dino\src\Tools\Installer\InstallerLib\DINOForge.Tools.Installer.csproj]
C:\Users\koosh\.nuget\packages\system.text.json\10.0.8\buildTransitive\netcoreapp2.0\System.Text.Json.targets(4,5): warning : System.Text.Json 10.0.8 doesn't support net6.0 and has not been tested with it. Consider upgrading your TargetFramework to net8.0 or later. You may also set <SuppressTfmSupportBuildWarnings>true</SuppressTfmSupportBuildWarnings> in the project file to ignore this warning and attempt to run in this unsupported configuration at your own risk. [C:\Users\koosh\Dino\src\Tools\Installer\InstallerLib\DINOForge.Tools.Installer.csproj]
C:\Users\koosh\Dino\src\Runtime\RustAssetPipelineInterop.cs(80,23): warning CS0436: The type 'AssetData' in 'C:\Users\koosh\Dino\src\Tests\..\Runtime\RustAssetPipelineInterop.cs' conflicts with the imported type 'AssetData' in 'DINOForge.Runtime, Version=1.0.0.0, Culture=neutral, PublicKeyToken=null'. Using the type defined in 'C:\Users\koosh\Dino\src\Tests\..\Runtime\RustAssetPipelineInterop.cs'. [C:\Users\koosh\Dino\src\Tests\DINOForge.Tests.csproj]
C:\Users\koosh\Dino\src\Runtime\RustAssetPipelineInterop.cs(141,49): warning CS0436: The type 'AssetData' in 'C:\Users\koosh\Dino\src\Tests\..\Runtime\RustAssetPipelineInterop.cs' conflicts with the imported type 'AssetData' in 'DINOForge.Runtime, Version=1.0.0.0, Culture=neutral, PublicKeyToken=null'. Using the type defined in 'C:\Users\koosh\Dino\src\Tests\..\Runtime\RustAssetPipelineInterop.cs'. [C:\Users\koosh\Dino\src\Tests\DINOForge.Tests.csproj]
C:\Users\koosh\Dino\src\Runtime\RustAssetPipelineInterop.cs(141,23): warning CS0436: The type 'AssetData' in 'C:\Users\koosh\Dino\src\Tests\..\Runtime\RustAssetPipelineInterop.cs' conflicts with the imported type 'AssetData' in 'DINOForge.Runtime, Version=1.0.0.0, Culture=neutral, PublicKeyToken=null'. Using the type defined in 'C:\Users\koosh\Dino\src\Tests\..\Runtime\RustAssetPipelineInterop.cs'. [C:\Users\koosh\Dino\src\Tests\DINOForge.Tests.csproj]
C:\Users\koosh\Dino\src\Runtime\RustAssetPipelineInterop.cs(282,16): warning CS0436: The type 'AssetMetadataJson' in 'C:\Users\koosh\Dino\src\Tests\..\Runtime\RustAssetPipelineInterop.cs' conflicts with the imported type 'AssetMetadataJson' in 'DINOForge.Runtime, Version=1.0.0.0, Culture=neutral, PublicKeyToken=null'. Using the type defined in 'C:\Users\koosh\Dino\src\Tests\..\Runtime\RustAssetPipelineInterop.cs'. [C:\Users\koosh\Dino\src\Tests\DINOForge.Tests.csproj]
C:\Users\koosh\Dino\src\Runtime\Bridge\ComponentMap.cs(344,51): warning CS0436: The type 'ComponentMapping' in 'C:\Users\koosh\Dino\src\Tests\..\Runtime\Bridge\ComponentMapping.cs' conflicts with the imported type 'ComponentMapping' in 'DINOForge.Runtime, Version=1.0.0.0, Culture=neutral, PublicKeyToken=null'. Using the type defined in 'C:\Users\koosh\Dino\src\Tests\..\Runtime\Bridge\ComponentMapping.cs'. [C:\Users\koosh\Dino\src\Tests\DINOForge.Tests.csproj]
C:\Users\koosh\Dino\src\Runtime\Bridge\ComponentMap.cs(370,23): warning CS0436: The type 'ComponentMapping' in 'C:\Users\koosh\Dino\src\Tests\..\Runtime\Bridge\ComponentMapping.cs' conflicts with the imported type 'ComponentMapping' in 'DINOForge.Runtime, Version=1.0.0.0, Culture=neutral, PublicKeyToken=null'. Using the type defined in 'C:\Users\koosh\Dino\src\Tests\..\Runtime\Bridge\ComponentMapping.cs'. [C:\Users\koosh\Dino\src\Tests\DINOForge.Tests.csproj]
C:\Users\koosh\Dino\src\Runtime\Bridge\ComponentMap.cs(381,23): warning CS0436: The type 'ComponentMapping' in 'C:\Users\koosh\Dino\src\Tests\..\Runtime\Bridge\ComponentMapping.cs' conflicts with the imported type 'ComponentMapping' in 'DINOForge.Runtime, Version=1.0.0.0, Culture=neutral, PublicKeyToken=null'. Using the type defined in 'C:\Users\koosh\Dino\src\Tests\..\Runtime\Bridge\ComponentMapping.cs'. [C:\Users\koosh\Dino\src\Tests\DINOForge.Tests.csproj]
C:\Users\koosh\Dino\src\Runtime\Bridge\ComponentMap.cs(26,32): warning CS0436: The type 'ComponentMapping' in 'C:\Users\koosh\Dino\src\Tests\..\Runtime\Bridge\ComponentMapping.cs' conflicts with the imported type 'ComponentMapping' in 'DINOForge.Runtime, Version=1.0.0.0, Culture=neutral, PublicKeyToken=null'. Using the type defined in 'C:\Users\koosh\Dino\src\Tests\..\Runtime\Bridge\ComponentMapping.cs'. [C:\Users\koosh\Dino\src\Tests\DINOForge.Tests.csproj]
C:\Users\koosh\Dino\src\Runtime\Bridge\ComponentMap.cs(31,32): warning CS0436: The type 'ComponentMapping' in 'C:\Users\koosh\Dino\src\Tests\..\Runtime\Bridge\ComponentMapping.cs' conflicts with the imported type 'ComponentMapping' in 'DINOForge.Runtime, Version=1.0.0.0, Culture=neutral, PublicKeyToken=null'. Using the type defined in 'C:\Users\koosh\Dino\src\Tests\..\Runtime\Bridge\ComponentMapping.cs'. [C:\Users\koosh\Dino\src\Tests\DINOForge.Tests.csproj]
C:\Users\koosh\Dino\src\Runtime\Bridge\ComponentMap.cs(37,32): warning CS0436: The type 'ComponentMapping' in 'C:\Users\koosh\Dino\src\Tests\..\Runtime\Bridge\ComponentMapping.cs' conflicts with the imported type 'ComponentMapping' in 'DINOForge.Runtime, Version=1.0.0.0, Culture=neutral, PublicKeyToken=null'. Using the type defined in 'C:\Users\koosh\Dino\src\Tests\..\Runtime\Bridge\ComponentMapping.cs'. [C:\Users\koosh\Dino\src\Tests\DINOForge.Tests.csproj]
C:\Users\koosh\Dino\src\Runtime\Bridge\ComponentMap.cs(42,32): warning CS0436: The type 'ComponentMapping' in 'C:\Users\koosh\Dino\src\Tests\..\Runtime\Bridge\ComponentMapping.cs' conflicts with the imported type 'ComponentMapping' in 'DINOForge.Runtime, Version=1.0.0.0, Culture=neutral, PublicKeyToken=null'. Using the type defined in 'C:\Users\koosh\Dino\src\Tests\..\Runtime\Bridge\ComponentMapping.cs'. [C:\Users\koosh\Dino\src\Tests\DINOForge.Tests.csproj]
C:\Users\koosh\Dino\src\Runtime\Bridge\ComponentMap.cs(47,32): warning CS0436: The type 'ComponentMapping' in 'C:\Users\koosh\Dino\src\Tests\..\Runtime\Bridge\ComponentMapping.cs' conflicts with the imported type 'ComponentMapping' in 'DINOForge.Runtime, Version=1.0.0.0, Culture=neutral, PublicKeyToken=null'. Using the type defined in 'C:\Users\koosh\Dino\src\Tests\..\Runtime\Bridge\ComponentMapping.cs'. [C:\Users\koosh\Dino\src\Tests\DINOForge.Tests.csproj]
C:\Users\koosh\Dino\src\Runtime\Bridge\ComponentMap.cs(52,32): warning CS0436: The type 'ComponentMapping' in 'C:\Users\koosh\Dino\src\Tests\..\Runtime\Bridge\ComponentMapping.cs' conflicts with the imported type 'ComponentMapping' in 'DINOForge.Runtime, Version=1.0.0.0, Culture=neutral, PublicKeyToken=null'. Using the type defined in 'C:\Users\koosh\Dino\src\Tests\..\Runtime\Bridge\ComponentMapping.cs'. [C:\Users\koosh\Dino\src\Tests\DINOForge.Tests.csproj]
C:\Users\koosh\Dino\src\Runtime\Bridge\ComponentMap.cs(57,32): warning CS0436: The type 'ComponentMapping' in 'C:\Users\koosh\Dino\src\Tests\..\Runtime\Bridge\ComponentMapping.cs' conflicts with the imported type 'ComponentMapping' in 'DINOForge.Runtime, Version=1.0.0.0, Culture=neutral, PublicKeyToken=null'. Using the type defined in 'C:\Users\koosh\Dino\src\Tests\..\Runtime\Bridge\ComponentMapping.cs'. [C:\Users\koosh\Dino\src\Tests\DINOForge.Tests.csproj]
C:\Users\koosh\Dino\src\Runtime\Bridge\ComponentMap.cs(63,32): warning CS0436: The type 'ComponentMapping' in 'C:\Users\koosh\Dino\src\Tests\..\Runtime\Bridge\ComponentMapping.cs' conflicts with the imported type 'ComponentMapping' in 'DINOForge.Runtime, Version=1.0.0.0, Culture=neutral, PublicKeyToken=null'. Using the type defined in 'C:\Users\koosh\Dino\src\Tests\..\Runtime\Bridge\ComponentMapping.cs'. [C:\Users\koosh\Dino\src\Tests\DINOForge.Tests.csproj]
C:\Users\koosh\Dino\src\Runtime\Bridge\ComponentMap.cs(68,32): warning CS0436: The type 'ComponentMapping' in 'C:\Users\koosh\Dino\src\Tests\..\Runtime\Bridge\ComponentMapping.cs' conflicts with the imported type 'ComponentMapping' in 'DINOForge.Runtime, Version=1.0.0.0, Culture=neutral, PublicKeyToken=null'. Using the type defined in 'C:\Users\koosh\Dino\src\Tests\..\Runtime\Bridge\ComponentMapping.cs'. [C:\Users\koosh\Dino\src\Tests\DINOForge.Tests.csproj]
C:\Users\koosh\Dino\src\Runtime\Bridge\ComponentMap.cs(73,32): warning CS0436: The type 'ComponentMapping' in 'C:\Users\koosh\Dino\src\Tests\..\Runtime\Bridge\ComponentMapping.cs' conflicts with the imported type 'ComponentMapping' in 'DINOForge.Runtime, Version=1.0.0.0, Culture=neutral, PublicKeyToken=null'. Using the type defined in 'C:\Users\koosh\Dino\src\Tests\..\Runtime\Bridge\ComponentMapping.cs'. [C:\Users\koosh\Dino\src\Tests\DINOForge.Tests.csproj]
C:\Users\koosh\Dino\src\Runtime\Bridge\ComponentMap.cs(78,32): warning CS0436: The type 'ComponentMapping' in 'C:\Users\koosh\Dino\src\Tests\..\Runtime\Bridge\ComponentMapping.cs' conflicts with the imported type 'ComponentMapping' in 'DINOForge.Runtime, Version=1.0.0.0, Culture=neutral, PublicKeyToken=null'. Using the type defined in 'C:\Users\koosh\Dino\src\Tests\..\Runtime\Bridge\ComponentMapping.cs'. [C:\Users\koosh\Dino\src\Tests\DINOForge.Tests.csproj]
C:\Users\koosh\Dino\src\Runtime\Bridge\ComponentMap.cs(83,32): warning CS0436: The type 'ComponentMapping' in 'C:\Users\koosh\Dino\src\Tests\..\Runtime\Bridge\ComponentMapping.cs' conflicts with the imported type 'ComponentMapping' in 'DINOForge.Runtime, Version=1.0.0.0, Culture=neutral, PublicKeyToken=null'. Using the type defined in 'C:\Users\koosh\Dino\src\Tests\..\Runtime\Bridge\ComponentMapping.cs'. [C:\Users\koosh\Dino\src\Tests\DINOForge.Tests.csproj]
C:\Users\koosh\Dino\src\Runtime\Bridge\ComponentMap.cs(88,32): warning CS0436: The type 'ComponentMapping' in 'C:\Users\koosh\Dino\src\Tests\..\Runtime\Bridge\ComponentMapping.cs' conflicts with the imported type 'ComponentMapping' in 'DINOForge.Runtime, Version=1.0.0.0, Culture=neutral, PublicKeyToken=null'. Using the type defined in 'C:\Users\koosh\Dino\src\Tests\..\Runtime\Bridge\ComponentMapping.cs'. [C:\Users\koosh\Dino\src\Tests\DINOForge.Tests.csproj]
C:\Users\koosh\Dino\src\Runtime\Bridge\ComponentMap.cs(93,32): warning CS0436: The type 'ComponentMapping' in 'C:\Users\koosh\Dino\src\Tests\..\Runtime\Bridge\ComponentMapping.cs' conflicts with the imported type 'ComponentMapping' in 'DINOForge.Runtime, Version=1.0.0.0, Culture=neutral, PublicKeyToken=null'. Using the type defined in 'C:\Users\koosh\Dino\src\Tests\..\Runtime\Bridge\ComponentMapping.cs'. [C:\Users\koosh\Dino\src\Tests\DINOForge.Tests.csproj]
C:\Users\koosh\Dino\src\Runtime\Bridge\ComponentMap.cs(100,32): warning CS0436: The type 'ComponentMapping' in 'C:\Users\koosh\Dino\src\Tests\..\Runtime\Bridge\ComponentMapping.cs' conflicts with the imported type 'ComponentMapping' in 'DINOForge.Runtime, Version=1.0.0.0, Culture=neutral, PublicKeyToken=null'. Using the type defined in 'C:\Users\koosh\Dino\src\Tests\..\Runtime\Bridge\ComponentMapping.cs'. [C:\Users\koosh\Dino\src\Tests\DINOForge.Tests.csproj]
C:\Users\koosh\Dino\src\Runtime\Bridge\ComponentMap.cs(105,32): warning CS0436: The type 'ComponentMapping' in 'C:\Users\koosh\Dino\src\Tests\..\Runtime\Bridge\ComponentMapping.cs' conflicts with the imported type 'ComponentMapping' in 'DINOForge.Runtime, Version=1.0.0.0, Culture=neutral, PublicKeyToken=null'. Using the type defined in 'C:\Users\koosh\Dino\src\Tests\..\Runtime\Bridge\ComponentMapping.cs'. [C:\Users\koosh\Dino\src\Tests\DINOForge.Tests.csproj]
C:\Users\koosh\Dino\src\Runtime\Bridge\ComponentMap.cs(110,32): warning CS0436: The type 'ComponentMapping' in 'C:\Users\koosh\Dino\src\Tests\..\Runtime\Bridge\ComponentMapping.cs' conflicts with the imported type 'ComponentMapping' in 'DINOForge.Runtime, Version=1.0.0.0, Culture=neutral, PublicKeyToken=null'. Using the type defined in 'C:\Users\koosh\Dino\src\Tests\..\Runtime\Bridge\ComponentMapping.cs'. [C:\Users\koosh\Dino\src\Tests\DINOForge.Tests.csproj]
C:\Users\koosh\Dino\src\Runtime\Bridge\ComponentMap.cs(115,32): warning CS0436: The type 'ComponentMapping' in 'C:\Users\koosh\Dino\src\Tests\..\Runtime\Bridge\ComponentMapping.cs' conflicts with the imported type 'ComponentMapping' in 'DINOForge.Runtime, Version=1.0.0.0, Culture=neutral, PublicKeyToken=null'. Using the type defined in 'C:\Users\koosh\Dino\src\Tests\..\Runtime\Bridge\ComponentMapping.cs'. [C:\Users\koosh\Dino\src\Tests\DINOForge.Tests.csproj]
C:\Users\koosh\Dino\src\Runtime\Bridge\ComponentMap.cs(120,32): warning CS0436: The type 'ComponentMapping' in 'C:\Users\koosh\Dino\src\Tests\..\Runtime\Bridge\ComponentMapping.cs' conflicts with the imported type 'ComponentMapping' in 'DINOForge.Runtime, Version=1.0.0.0, Culture=neutral, PublicKeyToken=null'. Using the type defined in 'C:\Users\koosh\Dino\src\Tests\..\Runtime\Bridge\ComponentMapping.cs'. [C:\Users\koosh\Dino\src\Tests\DINOForge.Tests.csproj]
C:\Users\koosh\Dino\src\Runtime\Bridge\ComponentMap.cs(125,32): warning CS0436: The type 'ComponentMapping' in 'C:\Users\koosh\Dino\src\Tests\..\Runtime\Bridge\ComponentMapping.cs' conflicts with the imported type 'ComponentMapping' in 'DINOForge.Runtime, Version=1.0.0.0, Culture=neutral, PublicKeyToken=null'. Using the type defined in 'C:\Users\koosh\Dino\src\Tests\..\Runtime\Bridge\ComponentMapping.cs'. [C:\Users\koosh\Dino\src\Tests\DINOForge.Tests.csproj]
C:\Users\koosh\Dino\src\Runtime\Bridge\ComponentMap.cs(130,32): warning CS0436: The type 'ComponentMapping' in 'C:\Users\koosh\Dino\src\Tests\..\Runtime\Bridge\ComponentMapping.cs' conflicts with the imported type 'ComponentMapping' in 'DINOForge.Runtime, Version=1.0.0.0, Culture=neutral, PublicKeyToken=null'. Using the type defined in 'C:\Users\koosh\Dino\src\Tests\..\Runtime\Bridge\ComponentMapping.cs'. [C:\Users\koosh\Dino\src\Tests\DINOForge.Tests.csproj]
C:\Users\koosh\Dino\src\Runtime\Bridge\ComponentMap.cs(137,32): warning CS0436: The type 'ComponentMapping' in 'C:\Users\koosh\Dino\src\Tests\..\Runtime\Bridge\ComponentMapping.cs' conflicts with the imported type 'ComponentMapping' in 'DINOForge.Runtime, Version=1.0.0.0, Culture=neutral, PublicKeyToken=null'. Using the type defined in 'C:\Users\koosh\Dino\src\Tests\..\Runtime\Bridge\ComponentMapping.cs'. [C:\Users\koosh\Dino\src\Tests\DINOForge.Tests.csproj]
C:\Users\koosh\Dino\src\Runtime\Bridge\ComponentMap.cs(145,32): warning CS0436: The type 'ComponentMapping' in 'C:\Users\koosh\Dino\src\Tests\..\Runtime\Bridge\ComponentMapping.cs' conflicts with the imported type 'ComponentMapping' in 'DINOForge.Runtime, Version=1.0.0.0, Culture=neutral, PublicKeyToken=null'. Using the type defined in 'C:\Users\koosh\Dino\src\Tests\..\Runtime\Bridge\ComponentMapping.cs'. [C:\Users\koosh\Dino\src\Tests\DINOForge.Tests.csproj]
C:\Users\koosh\Dino\src\Runtime\Bridge\ComponentMap.cs(150,32): warning CS0436: The type 'ComponentMapping' in 'C:\Users\koosh\Dino\src\Tests\..\Runtime\Bridge\ComponentMapping.cs' conflicts with the imported type 'ComponentMapping' in 'DINOForge.Runtime, Version=1.0.0.0, Culture=neutral, PublicKeyToken=null'. Using the type defined in 'C:\Users\koosh\Dino\src\Tests\..\Runtime\Bridge\ComponentMapping.cs'. [C:\Users\koosh\Dino\src\Tests\DINOForge.Tests.csproj]
C:\Users\koosh\Dino\src\Runtime\Bridge\ComponentMap.cs(156,32): warning CS0436: The type 'ComponentMapping' in 'C:\Users\koosh\Dino\src\Tests\..\Runtime\Bridge\ComponentMapping.cs' conflicts with the imported type 'ComponentMapping' in 'DINOForge.Runtime, Version=1.0.0.0, Culture=neutral, PublicKeyToken=null'. Using the type defined in 'C:\Users\koosh\Dino\src\Tests\..\Runtime\Bridge\ComponentMapping.cs'. [C:\Users\koosh\Dino\src\Tests\DINOForge.Tests.csproj]
C:\Users\koosh\Dino\src\Runtime\Bridge\ComponentMap.cs(166,32): warning CS0436: The type 'ComponentMapping' in 'C:\Users\koosh\Dino\src\Tests\..\Runtime\Bridge\ComponentMapping.cs' conflicts with the imported type 'ComponentMapping' in 'DINOForge.Runtime, Version=1.0.0.0, Culture=neutral, PublicKeyToken=null'. Using the type defined in 'C:\Users\koosh\Dino\src\Tests\..\Runtime\Bridge\ComponentMapping.cs'. [C:\Users\koosh\Dino\src\Tests\DINOForge.Tests.csproj]
C:\Users\koosh\Dino\src\Runtime\Bridge\ComponentMap.cs(171,32): warning CS0436: The type 'ComponentMapping' in 'C:\Users\koosh\Dino\src\Tests\..\Runtime\Bridge\ComponentMapping.cs' conflicts with the imported type 'ComponentMapping' in 'DINOForge.Runtime, Version=1.0.0.0, Culture=neutral, PublicKeyToken=null'. Using the type defined in 'C:\Users\koosh\Dino\src\Tests\..\Runtime\Bridge\ComponentMapping.cs'. [C:\Users\koosh\Dino\src\Tests\DINOForge.Tests.csproj]
C:\Users\koosh\Dino\src\Runtime\Bridge\ComponentMap.cs(176,32): warning CS0436: The type 'ComponentMapping' in 'C:\Users\koosh\Dino\src\Tests\..\Runtime\Bridge\ComponentMapping.cs' conflicts with the imported type 'ComponentMapping' in 'DINOForge.Runtime, Version=1.0.0.0, Culture=neutral, PublicKeyToken=null'. Using the type defined in 'C:\Users\koosh\Dino\src\Tests\..\Runtime\Bridge\ComponentMapping.cs'. [C:\Users\koosh\Dino\src\Tests\DINOForge.Tests.csproj]
C:\Users\koosh\Dino\src\Runtime\Bridge\ComponentMap.cs(181,32): warning CS0436: The type 'ComponentMapping' in 'C:\Users\koosh\Dino\src\Tests\..\Runtime\Bridge\ComponentMapping.cs' conflicts with the imported type 'ComponentMapping' in 'DINOForge.Runtime, Version=1.0.0.0, Culture=neutral, PublicKeyToken=null'. Using the type defined in 'C:\Users\koosh\Dino\src\Tests\..\Runtime\Bridge\ComponentMapping.cs'. [C:\Users\koosh\Dino\src\Tests\DINOForge.Tests.csproj]
C:\Users\koosh\Dino\src\Runtime\Bridge\ComponentMap.cs(186,32): warning CS0436: The type 'ComponentMapping' in 'C:\Users\koosh\Dino\src\Tests\..\Runtime\Bridge\ComponentMapping.cs' conflicts with the imported type 'ComponentMapping' in 'DINOForge.Runtime, Version=1.0.0.0, Culture=neutral, PublicKeyToken=null'. Using the type defined in 'C:\Users\koosh\Dino\src\Tests\..\Runtime\Bridge\ComponentMapping.cs'. [C:\Users\koosh\Dino\src\Tests\DINOForge.Tests.csproj]
C:\Users\koosh\Dino\src\Runtime\Bridge\ComponentMap.cs(191,32): warning CS0436: The type 'ComponentMapping' in 'C:\Users\koosh\Dino\src\Tests\..\Runtime\Bridge\ComponentMapping.cs' conflicts with the imported type 'ComponentMapping' in 'DINOForge.Runtime, Version=1.0.0.0, Culture=neutral, PublicKeyToken=null'. Using the type defined in 'C:\Users\koosh\Dino\src\Tests\..\Runtime\Bridge\ComponentMapping.cs'. [C:\Users\koosh\Dino\src\Tests\DINOForge.Tests.csproj]
C:\Users\koosh\Dino\src\Runtime\Bridge\ComponentMap.cs(196,32): warning CS0436: The type 'ComponentMapping' in 'C:\Users\koosh\Dino\src\Tests\..\Runtime\Bridge\ComponentMapping.cs' conflicts with the imported type 'ComponentMapping' in 'DINOForge.Runtime, Version=1.0.0.0, Culture=neutral, PublicKeyToken=null'. Using the type defined in 'C:\Users\koosh\Dino\src\Tests\..\Runtime\Bridge\ComponentMapping.cs'. [C:\Users\koosh\Dino\src\Tests\DINOForge.Tests.csproj]
C:\Users\koosh\Dino\src\Runtime\Bridge\ComponentMap.cs(201,32): warning CS0436: The type 'ComponentMapping' in 'C:\Users\koosh\Dino\src\Tests\..\Runtime\Bridge\ComponentMapping.cs' conflicts with the imported type 'ComponentMapping' in 'DINOForge.Runtime, Version=1.0.0.0, Culture=neutral, PublicKeyToken=null'. Using the type defined in 'C:\Users\koosh\Dino\src\Tests\..\Runtime\Bridge\ComponentMapping.cs'. [C:\Users\koosh\Dino\src\Tests\DINOForge.Tests.csproj]
C:\Users\koosh\Dino\src\Runtime\Bridge\ComponentMap.cs(206,32): warning CS0436: The type 'ComponentMapping' in 'C:\Users\koosh\Dino\src\Tests\..\Runtime\Bridge\ComponentMapping.cs' conflicts with the imported type 'ComponentMapping' in 'DINOForge.Runtime, Version=1.0.0.0, Culture=neutral, PublicKeyToken=null'. Using the type defined in 'C:\Users\koosh\Dino\src\Tests\..\Runtime\Bridge\ComponentMapping.cs'. [C:\Users\koosh\Dino\src\Tests\DINOForge.Tests.csproj]
C:\Users\koosh\Dino\src\Runtime\Bridge\ComponentMap.cs(211,32): warning CS0436: The type 'ComponentMapping' in 'C:\Users\koosh\Dino\src\Tests\..\Runtime\Bridge\ComponentMapping.cs' conflicts with the imported type 'ComponentMapping' in 'DINOForge.Runtime, Version=1.0.0.0, Culture=neutral, PublicKeyToken=null'. Using the type defined in 'C:\Users\koosh\Dino\src\Tests\..\Runtime\Bridge\ComponentMapping.cs'. [C:\Users\koosh\Dino\src\Tests\DINOForge.Tests.csproj]
C:\Users\koosh\Dino\src\Runtime\Bridge\ComponentMap.cs(216,32): warning CS0436: The type 'ComponentMapping' in 'C:\Users\koosh\Dino\src\Tests\..\Runtime\Bridge\ComponentMapping.cs' conflicts with the imported type 'ComponentMapping' in 'DINOForge.Runtime, Version=1.0.0.0, Culture=neutral, PublicKeyToken=null'. Using the type defined in 'C:\Users\koosh\Dino\src\Tests\..\Runtime\Bridge\ComponentMapping.cs'. [C:\Users\koosh\Dino\src\Tests\DINOForge.Tests.csproj]
C:\Users\koosh\Dino\src\Runtime\Bridge\ComponentMap.cs(221,32): warning CS0436: The type 'ComponentMapping' in 'C:\Users\koosh\Dino\src\Tests\..\Runtime\Bridge\ComponentMapping.cs' conflicts with the imported type 'ComponentMapping' in 'DINOForge.Runtime, Version=1.0.0.0, Culture=neutral, PublicKeyToken=null'. Using the type defined in 'C:\Users\koosh\Dino\src\Tests\..\Runtime\Bridge\ComponentMapping.cs'. [C:\Users\koosh\Dino\src\Tests\DINOForge.Tests.csproj]
C:\Users\koosh\Dino\src\Runtime\Bridge\ComponentMap.cs(226,32): warning CS0436: The type 'ComponentMapping' in 'C:\Users\koosh\Dino\src\Tests\..\Runtime\Bridge\ComponentMapping.cs' conflicts with the imported type 'ComponentMapping' in 'DINOForge.Runtime, Version=1.0.0.0, Culture=neutral, PublicKeyToken=null'. Using the type defined in 'C:\Users\koosh\Dino\src\Tests\..\Runtime\Bridge\ComponentMapping.cs'. [C:\Users\koosh\Dino\src\Tests\DINOForge.Tests.csproj]
C:\Users\koosh\Dino\src\Runtime\Bridge\ComponentMap.cs(243,32): warning CS0436: The type 'ComponentMapping' in 'C:\Users\koosh\Dino\src\Tests\..\Runtime\Bridge\ComponentMapping.cs' conflicts with the imported type 'ComponentMapping' in 'DINOForge.Runtime, Version=1.0.0.0, Culture=neutral, PublicKeyToken=null'. Using the type defined in 'C:\Users\koosh\Dino\src\Tests\..\Runtime\Bridge\ComponentMapping.cs'. [C:\Users\koosh\Dino\src\Tests\DINOForge.Tests.csproj]
C:\Users\koosh\Dino\src\Runtime\Bridge\ComponentMap.cs(249,32): warning CS0436: The type 'ComponentMapping' in 'C:\Users\koosh\Dino\src\Tests\..\Runtime\Bridge\ComponentMapping.cs' conflicts with the imported type 'ComponentMapping' in 'DINOForge.Runtime, Version=1.0.0.0, Culture=neutral, PublicKeyToken=null'. Using the type defined in 'C:\Users\koosh\Dino\src\Tests\..\Runtime\Bridge\ComponentMapping.cs'. [C:\Users\koosh\Dino\src\Tests\DINOForge.Tests.csproj]
C:\Users\koosh\Dino\src\Runtime\Bridge\ComponentMap.cs(255,32): warning CS0436: The type 'ComponentMapping' in 'C:\Users\koosh\Dino\src\Tests\..\Runtime\Bridge\ComponentMapping.cs' conflicts with the imported type 'ComponentMapping' in 'DINOForge.Runtime, Version=1.0.0.0, Culture=neutral, PublicKeyToken=null'. Using the type defined in 'C:\Users\koosh\Dino\src\Tests\..\Runtime\Bridge\ComponentMapping.cs'. [C:\Users\koosh\Dino\src\Tests\DINOForge.Tests.csproj]
C:\Users\koosh\Dino\src\Runtime\Bridge\ComponentMap.cs(261,32): warning CS0436: The type 'ComponentMapping' in 'C:\Users\koosh\Dino\src\Tests\..\Runtime\Bridge\ComponentMapping.cs' conflicts with the imported type 'ComponentMapping' in 'DINOForge.Runtime, Version=1.0.0.0, Culture=neutral, PublicKeyToken=null'. Using the type defined in 'C:\Users\koosh\Dino\src\Tests\..\Runtime\Bridge\ComponentMapping.cs'. [C:\Users\koosh\Dino\src\Tests\DINOForge.Tests.csproj]
C:\Users\koosh\Dino\src\Runtime\Bridge\ComponentMap.cs(267,32): warning CS0436: The type 'ComponentMapping' in 'C:\Users\koosh\Dino\src\Tests\..\Runtime\Bridge\ComponentMapping.cs' conflicts with the imported type 'ComponentMapping' in 'DINOForge.Runtime, Version=1.0.0.0, Culture=neutral, PublicKeyToken=null'. Using the type defined in 'C:\Users\koosh\Dino\src\Tests\..\Runtime\Bridge\ComponentMapping.cs'. [C:\Users\koosh\Dino\src\Tests\DINOForge.Tests.csproj]
C:\Users\koosh\Dino\src\Runtime\Bridge\ComponentMap.cs(273,32): warning CS0436: The type 'ComponentMapping' in 'C:\Users\koosh\Dino\src\Tests\..\Runtime\Bridge\ComponentMapping.cs' conflicts with the imported type 'ComponentMapping' in 'DINOForge.Runtime, Version=1.0.0.0, Culture=neutral, PublicKeyToken=null'. Using the type defined in 'C:\Users\koosh\Dino\src\Tests\..\Runtime\Bridge\ComponentMapping.cs'. [C:\Users\koosh\Dino\src\Tests\DINOForge.Tests.csproj]
C:\Users\koosh\Dino\src\Runtime\Bridge\ComponentMap.cs(279,32): warning CS0436: The type 'ComponentMapping' in 'C:\Users\koosh\Dino\src\Tests\..\Runtime\Bridge\ComponentMapping.cs' conflicts with the imported type 'ComponentMapping' in 'DINOForge.Runtime, Version=1.0.0.0, Culture=neutral, PublicKeyToken=null'. Using the type defined in 'C:\Users\koosh\Dino\src\Tests\..\Runtime\Bridge\ComponentMapping.cs'. [C:\Users\koosh\Dino\src\Tests\DINOForge.Tests.csproj]
C:\Users\koosh\Dino\src\Runtime\Bridge\ComponentMap.cs(285,32): warning CS0436: The type 'ComponentMapping' in 'C:\Users\koosh\Dino\src\Tests\..\Runtime\Bridge\ComponentMapping.cs' conflicts with the imported type 'ComponentMapping' in 'DINOForge.Runtime, Version=1.0.0.0, Culture=neutral, PublicKeyToken=null'. Using the type defined in 'C:\Users\koosh\Dino\src\Tests\..\Runtime\Bridge\ComponentMapping.cs'. [C:\Users\koosh\Dino\src\Tests\DINOForge.Tests.csproj]
C:\Users\koosh\Dino\src\Runtime\Bridge\ComponentMap.cs(291,32): warning CS0436: The type 'ComponentMapping' in 'C:\Users\koosh\Dino\src\Tests\..\Runtime\Bridge\ComponentMapping.cs' conflicts with the imported type 'ComponentMapping' in 'DINOForge.Runtime, Version=1.0.0.0, Culture=neutral, PublicKeyToken=null'. Using the type defined in 'C:\Users\koosh\Dino\src\Tests\..\Runtime\Bridge\ComponentMapping.cs'. [C:\Users\koosh\Dino\src\Tests\DINOForge.Tests.csproj]
C:\Users\koosh\Dino\src\Runtime\Bridge\ComponentMap.cs(296,32): warning CS0436: The type 'ComponentMapping' in 'C:\Users\koosh\Dino\src\Tests\..\Runtime\Bridge\ComponentMapping.cs' conflicts with the imported type 'ComponentMapping' in 'DINOForge.Runtime, Version=1.0.0.0, Culture=neutral, PublicKeyToken=null'. Using the type defined in 'C:\Users\koosh\Dino\src\Tests\..\Runtime\Bridge\ComponentMapping.cs'. [C:\Users\koosh\Dino\src\Tests\DINOForge.Tests.csproj]
C:\Users\koosh\Dino\src\Runtime\Bridge\ComponentMap.cs(301,32): warning CS0436: The type 'ComponentMapping' in 'C:\Users\koosh\Dino\src\Tests\..\Runtime\Bridge\ComponentMapping.cs' conflicts with the imported type 'ComponentMapping' in 'DINOForge.Runtime, Version=1.0.0.0, Culture=neutral, PublicKeyToken=null'. Using the type defined in 'C:\Users\koosh\Dino\src\Tests\..\Runtime\Bridge\ComponentMapping.cs'. [C:\Users\koosh\Dino\src\Tests\DINOForge.Tests.csproj]
C:\Users\koosh\Dino\src\Runtime\Bridge\ComponentMap.cs(306,32): warning CS0436: The type 'ComponentMapping' in 'C:\Users\koosh\Dino\src\Tests\..\Runtime\Bridge\ComponentMapping.cs' conflicts with the imported type 'ComponentMapping' in 'DINOForge.Runtime, Version=1.0.0.0, Culture=neutral, PublicKeyToken=null'. Using the type defined in 'C:\Users\koosh\Dino\src\Tests\..\Runtime\Bridge\ComponentMapping.cs'. [C:\Users\koosh\Dino\src\Tests\DINOForge.Tests.csproj]
C:\Users\koosh\Dino\src\Runtime\Bridge\ComponentMap.cs(311,32): warning CS0436: The type 'ComponentMapping' in 'C:\Users\koosh\Dino\src\Tests\..\Runtime\Bridge\ComponentMapping.cs' conflicts with the imported type 'ComponentMapping' in 'DINOForge.Runtime, Version=1.0.0.0, Culture=neutral, PublicKeyToken=null'. Using the type defined in 'C:\Users\koosh\Dino\src\Tests\..\Runtime\Bridge\ComponentMapping.cs'. [C:\Users\koosh\Dino\src\Tests\DINOForge.Tests.csproj]
C:\Users\koosh\Dino\src\Runtime\Bridge\ComponentMap.cs(316,32): warning CS0436: The type 'ComponentMapping' in 'C:\Users\koosh\Dino\src\Tests\..\Runtime\Bridge\ComponentMapping.cs' conflicts with the imported type 'ComponentMapping' in 'DINOForge.Runtime, Version=1.0.0.0, Culture=neutral, PublicKeyToken=null'. Using the type defined in 'C:\Users\koosh\Dino\src\Tests\..\Runtime\Bridge\ComponentMapping.cs'. [C:\Users\koosh\Dino\src\Tests\DINOForge.Tests.csproj]
C:\Users\koosh\Dino\src\Runtime\Bridge\ComponentMap.cs(321,32): warning CS0436: The type 'ComponentMapping' in 'C:\Users\koosh\Dino\src\Tests\..\Runtime\Bridge\ComponentMapping.cs' conflicts with the imported type 'ComponentMapping' in 'DINOForge.Runtime, Version=1.0.0.0, Culture=neutral, PublicKeyToken=null'. Using the type defined in 'C:\Users\koosh\Dino\src\Tests\..\Runtime\Bridge\ComponentMapping.cs'. [C:\Users\koosh\Dino\src\Tests\DINOForge.Tests.csproj]
C:\Users\koosh\Dino\src\Runtime\Bridge\ComponentMap.cs(326,32): warning CS0436: The type 'ComponentMapping' in 'C:\Users\koosh\Dino\src\Tests\..\Runtime\Bridge\ComponentMapping.cs' conflicts with the imported type 'ComponentMapping' in 'DINOForge.Runtime, Version=1.0.0.0, Culture=neutral, PublicKeyToken=null'. Using the type defined in 'C:\Users\koosh\Dino\src\Tests\..\Runtime\Bridge\ComponentMapping.cs'. [C:\Users\koosh\Dino\src\Tests\DINOForge.Tests.csproj]
C:\Users\koosh\Dino\src\Runtime\Bridge\ComponentMap.cs(331,32): warning CS0436: The type 'ComponentMapping' in 'C:\Users\koosh\Dino\src\Tests\..\Runtime\Bridge\ComponentMapping.cs' conflicts with the imported type 'ComponentMapping' in 'DINOForge.Runtime, Version=1.0.0.0, Culture=neutral, PublicKeyToken=null'. Using the type defined in 'C:\Users\koosh\Dino\src\Tests\..\Runtime\Bridge\ComponentMapping.cs'. [C:\Users\koosh\Dino\src\Tests\DINOForge.Tests.csproj]
C:\Users\koosh\Dino\src\Runtime\Bridge\ComponentMap.cs(339,52): warning CS0436: The type 'ComponentMapping' in 'C:\Users\koosh\Dino\src\Tests\..\Runtime\Bridge\ComponentMapping.cs' conflicts with the imported type 'ComponentMapping' in 'DINOForge.Runtime, Version=1.0.0.0, Culture=neutral, PublicKeyToken=null'. Using the type defined in 'C:\Users\koosh\Dino\src\Tests\..\Runtime\Bridge\ComponentMapping.cs'. [C:\Users\koosh\Dino\src\Tests\DINOForge.Tests.csproj]
C:\Users\koosh\Dino\src\Tests\ECS\MockEntityManager.cs(115,44): warning CS8625: Cannot convert null literal to non-nullable reference type. [C:\Users\koosh\Dino\src\Tests\DINOForge.Tests.csproj]
C:\Users\koosh\Dino\src\Tests\Integration\Tests\ParallelGameE2ETests.cs(766,18): warning CS0414: The field 'FreshInstallTests._isDisposed' is assigned but its value is never used [C:\Users\koosh\Dino\src\Tests\Integration\DINOForge.Tests.Integration.csproj]
CSC : error CS0006: Metadata file 'C:\Users\koosh\Dino\src\Analyzers\bin\Debug\netstandard2.0\DINOForge.Analyzers.dll' could not be found [C:\Users\koosh\Dino\src\SDK\DINOForge.SDK.csproj]
CSC : error CS0006: Metadata file 'C:\Users\koosh\Dino\src\Analyzers\bin\Debug\netstandard2.0\DINOForge.Analyzers.dll' could not be found [C:\Users\koosh\Dino\src\Domains\Warfare\DINOForge.Domains.Warfare.csproj]
CSC : error CS0006: Metadata file 'C:\Users\koosh\Dino\src\Analyzers\bin\Debug\netstandard2.0\DINOForge.Analyzers.dll' could not be found [C:\Users\koosh\Dino\src\Domains\Scenario\DINOForge.Domains.Scenario.csproj]
CSC : error CS0006: Metadata file 'C:\Users\koosh\Dino\src\Analyzers\bin\Debug\netstandard2.0\DINOForge.Analyzers.dll' could not be found [C:\Users\koosh\Dino\src\Domains\UI\DINOForge.Domains.UI.csproj]
CSC : error CS0006: Metadata file 'C:\Users\koosh\Dino\src\Analyzers\bin\Debug\netstandard2.0\DINOForge.Analyzers.dll' could not be found [C:\Users\koosh\Dino\src\Domains\Economy\DINOForge.Domains.Economy.csproj]
CSC : error CS0006: Metadata file 'C:\Users\koosh\Dino\src\Analyzers\bin\Debug\netstandard2.0\DINOForge.Analyzers.dll' could not be found [C:\Users\koosh\Dino\src\Bridge\Client\DINOForge.Bridge.Client.csproj]
CSC : error CS0006: Metadata file 'C:\Users\koosh\Dino\src\Analyzers\bin\Debug\netstandard2.0\DINOForge.Analyzers.dll' could not be found [C:\Users\koosh\Dino\src\Runtime\DINOForge.Runtime.csproj]
C:\Users\koosh\Dino\src\Tests\obj\Release\net8.0\.NETCoreApp,Version=v8.0.AssemblyAttributes.cs(4,12): error CS0579: Duplicate 'global::System.Runtime.Versioning.TargetFrameworkAttribute' attribute [C:\Users\koosh\Dino\src\Tests\DINOForge.Tests.csproj]
C:\Users\koosh\Dino\src\Tests\Integration\Tests\ParallelGameE2ETests.cs(798,14): error CS0103: The name '_infrastructureAvailable' does not exist in the current context [C:\Users\koosh\Dino\src\Tests\Integration\DINOForge.Tests.Integration.csproj]
C:\Users\koosh\Dino\src\Tests\Integration\Tests\ParallelGameE2ETests.cs(847,14): error CS0103: The name '_infrastructureAvailable' does not exist in the current context [C:\Users\koosh\Dino\src\Tests\Integration\DINOForge.Tests.Integration.csproj]
C:\Users\koosh\Dino\src\Tests\Integration\Tests\ParallelGameE2ETests.cs(880,14): error CS0103: The name '_infrastructureAvailable' does not exist in the current context [C:\Users\koosh\Dino\src\Tests\Integration\DINOForge.Tests.Integration.csproj]
C:\Users\koosh\Dino\src\Tests\Integration\Tests\ParallelGameE2ETests.cs(943,14): error CS0103: The name '_infrastructureAvailable' does not exist in the current context [C:\Users\koosh\Dino\src\Tests\Integration\DINOForge.Tests.Integration.csproj]
C:\Users\koosh\Dino\src\Tests\Integration\Tests\ParallelGameE2ETests.cs(985,14): error CS0103: The name '_infrastructureAvailable' does not exist in the current context [C:\Users\koosh\Dino\src\Tests\Integration\DINOForge.Tests.Integration.csproj]
    75 Warning(s)
    13 Error(s)

Time Elapsed 00:00:10.49
